Script started on 2022-07-07 15:19:19+01:00 [TERM="xterm-256color" TTY="/dev/pts/3" COLUMNS="211" LINES="55"]
]0;ekenny@E5450: ~[01;32mekenny@E5450[00m:[01;34m~[00m$ telnet testlab-ts1 7023[C[C[C[C[C[C[C[C[C[C[C[C[C[C[C[Cssh ekenny@edge1-cao1.nn.hea.net[C[C[C[C[C[C[C[C[C[C[C[C[C[C[C[C[9Ptelnet testlab-ts1 7023
Trying 193.1.228.16...
Connected to testlab-ts1.heanet.ie.
Escape character is '^]'.

To check the install status inspect /var/log/onie.log.
Try this:  tail -f /var/log/onie.log

NOTICE: ONIE started in NOS install mode.  Install mode persists
NOTICE: until a NOS installer runs successfully.

** Installer Mode Enabled **
Linux onie-host 4.9.95-onie+ #1 SMP Wed Dec 4 19:21:45 EST 2019 x86_64
ONIE:/ # 
ONIE:/ # onieONIE:/ # onie-[JsONIE:/ # onie-s[JtONIE:/ # onie-st[J
onie-start  onie-stop
ONIE:/ # onie-st[J
onie-start  onie-stop
NOTICE: Use 'onie-stop' instead.
discover: installer mode detected.
Stopping: discover...start-stop-daemon: warning: killing process 994: No such process
 done.
ONIE:/ # ip adde[Je[Jr add 193.1.249.200/26 dev eth2
ONIE:/ # ip route add default cia [J[J[J[Jvia 193.1.249.193
ONIE:/ # ping 1.1.1.1
PING 1.1.1.1 (1.1.1.1): 56 data bytes
64 bytes from 1.1.1.1: seq=0 ttl=58 time=0.701 ms
64 bytes from 1.1.1.1: seq=1 ttl=58 time=0.646 ms
^64 bytes from 1.1.1.1: seq=2 ttl=58 time=0.646 ms
64 bytes from 1.1.1.1: seq=3 ttl=58 time=0.635 ms
^C64 bytes from 1.1.1.1: seq=4 ttl=58 time=0.653 ms
ping64 bytes from 1.1.1.1: seq=5 ttl=58 time=0.689 ms

64 bytes from 1.1.1.1: seq=6 ttl=58 time=0.632 ms
^C
--- 1.1.1.1 ping statistics ---
7 packets transmitted, 7 packets received, 0% packet loss
round-trip min/avg/max = 0.632/0.657/0.701 ms
ONIE:/ # ping www.cisco.com
ping: bad address 'www.cisco.com'
ONIE:/ # wgeONIE:/ # wget [Jhttp://hydra.nix.net.switch.ch/RARE/releases/1/onie-installer.bin
Connecting to hydra.nix.net.switch.ch (86.119.33.29:80)
onie-installer.bin     0% |                               |  3039k  0:02:43 ETAonie-installer.bin    19% |******                         | 98660k  0:00:08 ETAonie-installer.bin    39% |************                   |   190M  0:00:04 ETAonie-installer.bin    58% |******************             |   284M  0:00:02 ETAonie-installer.bin    77% |************************       |   378M  0:00:01 ETAonie-installer.bin    96% |*****************************  |   469M  0:00:00 ETAonie-installer.bin   100% |*******************************|   487M  0:00:00 ETA
^C
--- cisco.com ping statistics ---
2 packets transmitted, 2 packets received, 0% packet loss
round-trip min/avg/max = 119.628/119.698/119.769 ms
ONIE:/ # cat /etc/rs[Jrs[J[JesONIE:/ # cat /etc/resolv.conf [J
nameserver 8.8.8.8
nameserver 8.8.4.4ONIE:/ # ls
[1;34mbin[0m                 [1;34mmnt[0m                 [1;34msys[0m
[1;34mboot[0m                [0;0monie-installer.bin[0m  [1;34mtmp[0m
[1;34mdev[0m                 [1;34mproc[0m                [1;34musr[0m
[1;34metc[0m                 [1;34mroot[0m                [1;34mvar[0m
[1;36minit[0m                [1;34mrun[0m
[1;34mlib[0m                 [1;34msbin[0m
ONIE:/ # onie-nos-install http://hydra.nix.net.switch.ch/RARE/releases/1/onie-in
staller.bin
discover: installer mode detected.
Stopping: discover... done.
Info: Attempting http://hydra.nix.net.switch.ch/RARE/releases/1/onie-installer.bin ...
Connecting to hydra.nix.net.switch.ch (86.119.33.29:80)
installer             14% |****                           | 74390k  0:00:05 ETAinstaller             33% |**********                     |   164M  0:00:03 ETAinstaller             52% |****************               |   256M  0:00:02 ETAinstaller             71% |**********************         |   348M  0:00:01 ETAinstaller             89% |***************************    |   435M  0:00:00 ETAinstaller            100% |*******************************|   487M  0:00:00 ETA
ONIE: Executing installer: http://hydra.nix.net.switch.ch/RARE/releases/1/onie-installer.bin
Verifying image checksum ... OK.
Preparing image archive ... OK.

[01;32mInstalling RARE-OS on /dev/sda
[0mDisk /dev/sda: 250069680 sectors, 119.2 GiB
Logical sector size: 512 bytes
Disk identifier (GUID): AA2AB5A5-5579-4331-A4F0-AD9D19B67761
Partition table holds up to 128 entries
First usable sector is 34, last usable sector is 250069646
Partitions will be aligned on 2048-sector boundaries
Total free space is 248234605 sectors (118.4 GiB)

Number  Start (sector)    End (sector)  Size       Code  Name
   1            2048          526335   256.0 MiB   EF00  EFI System
   2          526336          788479   128.0 MiB   3000  ONIE-BOOT
   3          788480         1837055   512.0 MiB   8300  ONIE-DEMO-DIAG

[01;32mChecking disk space
[0m
[01;32mDeleting partition /dev/sda3
[0mWarning: The kernel is still using the old partition table.
The new table will be used at the next reboot.
The operation has completed successfully.

[01;32mCreating partition /dev/sda3
[0mWarning: The kernel is still using the old partition table.
The new table will be used at the next reboot.
The operation has completed successfully.
Warning: The kernel is still using the old partition table.
The new table will be used at the next reboot.
The operation has completed successfully.
Disk /dev/sda: 250069680 sectors, 119.2 GiB
Logical sector size: 512 bytes
Disk identifier (GUID): AA2AB5A5-5579-4331-A4F0-AD9D19B67761
Partition table holds up to 128 entries
First usable sector is 34, last usable sector is 250069646
Partitions will be aligned on 2048-sector boundaries
Total free space is 2014 sectors (1007.0 KiB)

Number  Start (sector)    End (sector)  Size       Code  Name
   1            2048          526335   256.0 MiB   EF00  EFI System
   2          526336          788479   128.0 MiB   3000  ONIE-BOOT
   3          788480       250069646   118.9 GiB   8300  RARE-OS

[01;32mFormatting root partition
[0mmke2fs 1.42.13 (17-May-2015)
Discarding device blocks:     4096/31160145 1052672/31160145 4722688/31160145 6295552/31160145 7868416/31160145 8916992/31160145 9965568/3116014511538432/3116014512587008/3116014514159872/3116014515732736/3116014517305600/3116014518878464/3116014519927040/3116014521499904/3116014523072768/3116014524645632/3116014526218496/3116014527791360/3116014529364224/3116014530937088/31160145                 done                            
Creating filesystem with 31160145 4k blocks and 7790592 inodes
Filesystem UUID: 9e3f4c2b-0bb2-4ff1-b204-fc83d95d443e
Superblock backups stored on blocks: 
	32768, 98304, 163840, 229376, 294912, 819200, 884736, 1605632, 2654208, 
	4096000, 7962624, 11239424, 20480000, 23887872

Allocating group tables:   0/951       done                            
Writing inode tables:   0/951624/951       done                            
Creating journal (32768 blocks): done
Writing superblocks and filesystem accounting information:   0/951       done


[01;32mUnpacking rootfs
[0m
[01;32mFixing timestamps in Nix store
[0m
[01;32mInstalling platform-dependent file tree for platform stordis_bf2556x_1t
[0m
[01;32mExecuting post-install command
[0m[01;32mActivating /nix/var/nix/profiles/RARE for platform stordis_bf2556x_1t[0m
INFO: Enabling services
Created symlink /etc/systemd/system/multi-user.target.wants/freerouter.service â†’ /nix/store/m3xbfn478kbkmfr36jw9gbcnazzqp1jc-freerouter.service/etc/systemd/system/freerouter.service.
Created symlink /etc/systemd/system/snmpd.service.wants/snabb-snmp-agent.service â†’ /nix/store/pr8wiyy1s6pcaaw7qinjhvy8zbc20fqp-snabb-snmp-agent.service/etc/systemd/system/snabb-snmp-agent.service.
Created symlink /etc/systemd/system/multi-user.target.wants/snmpd.service â†’ /nix/store/vv3k8p948iad36xpmq94q7jmv8zvijxq-snmpd.service/etc/systemd/system/snmpd.service.
Cleaning up Nix store
finding garbage collector roots...
deleting garbage...
deleting '/nix/store/7jqqj9w6rgwy3ix8vpj7maf9qrj3bxyl-user-environment'
deleting '/nix/store/xxa9aija2sxqnbcnbcim0c1gsrnzyg96-user-environment.drv'
deleting '/nix/store/g59aa78my4hyaz4aifrpn0q6jkqp9fdw-env-manifest.nix'
deleting '/nix/store/8kkdb7gd20ks9wf377h4wslcm7iksfvr-rtr-hw.txt'
deleting '/nix/store/k5dz7cnzqs365ii1w173cwm0108swch9-RARE-scripts'
deleting '/nix/store/zm4i3w3dc3g8h3gjw6wrqpxmi36pi10b-module-wrapper-env'
deleting '/nix/store/nhiyi8i7rw4pyh9fy4liq8jc82vkldnp-bf_router_IPIP-module-wrapper'
deleting '/nix/store/c18asfqds6gpkpsf8jdqj1xv2vfw7scz-user-environment'
deleting '/nix/store/lza2h8y1p6vai0bgckwmx4a6yi7yqs6y-user-environment.drv'
deleting '/nix/store/5avg9yxbyq0zvzj833g00ny971lbns72-env-manifest.nix'
deleting '/nix/store/6g18djzdrap2vji0ds0r9fxhcgrc2qc2-rtr-hw.txt'
deleting '/nix/store/2pj08p4my7f7l8m2ab6hjihhv4i930a9-RARE-scripts'
deleting '/nix/store/41g7jjrisc7wdj3s52b1sc2fi8bbqwms-user-environment'
deleting '/nix/store/cph1vc6rj3fj6ibm8cfvgqjmf46hwbpg-user-environment.drv'
deleting '/nix/store/s290dspca0wybb8dw34z8jlqkqk126yf-env-manifest.nix'
deleting '/nix/store/wbw3w9ai8a3w6an13a34a5z7z7kyj71q-rtr-hw.txt'
deleting '/nix/store/bl7p62zwyymhi4wf9jw5rnv5jcz3v7sq-RARE-scripts'
deleting '/nix/store/9wzi1807wwbvv7fxpx2xcjdyv6j6g0y7-user-environment'
deleting '/nix/store/c24fppzdcnbmzlsqgj6adf6gbfky60bz-user-environment.drv'
deleting '/nix/store/y5q7mvh6w2m220gzkskninphnz4sgkjj-env-manifest.nix'
deleting '/nix/store/3hhq1il3am1ly12b91ic41idpfywsig1-rtr-hw.txt'
deleting '/nix/store/pxarww4k4a66m5dlycabmpqrj527am81-RARE-scripts'
deleting '/nix/store/i4a6mj57ixbaj6z3dz7g06w458im1cda-forwarders-env'
deleting '/nix/store/x4z0zj3my0nd6fzc22yx4872l095kksx-bf-forwarder-GGSN'
deleting '/nix/store/l3lny3yd1b2sb19v7pg0n12bs7xbcgl0-bf_router_P-module-wrapper'
deleting '/nix/store/304pqz12lbzq4cpxqvhzpbjkp6l84bcz-RARE-P-stordis_bf6064x_t-22.04.20'
deleting '/nix/store/d498wmym3s3day1p2lnik35yxzx1g2yk-module-wrapper-env'
deleting '/nix/store/gk0xbcr6lkqcngb770kyxlj24xxxvgr1-bf_router_GRE-module-wrapper'
deleting '/nix/store/fwdqzibc5z2jk0hcwhcsqa27p412ksx2-RARE-GRE-accton_wedge100bf_32x-22.04.20'
deleting '/nix/store/x14dxd4n3fsrg70vakaq3jm9p4in3adw-module-wrapper-env'
deleting '/nix/store/fwk9w4sdz1zs67sn7cdrr61da5f89ksl-bf_router_IPIP-module-wrapper'
deleting '/nix/store/6ds1p16cc0sl3118y1q65p98qdbznmlh-module-wrapper-env'
deleting '/nix/store/w0wbqfhn3yb9iy2r9s3nv00y96s9icw7-bf_router_FW-module-wrapper'
deleting '/nix/store/96p55a51d4s361ikf9ak60261yppnlk8-RARE-FW-accton_wedge100bf_65x-22.04.20'
deleting '/nix/store/9cbprnv0zixaclvcl3bwyjy26yvwcl81-bf_router_BNG-module-wrapper'
deleting '/nix/store/0dhdn4swrwr72j0fy6ysi1ig2znlb92b-RARE-BNG-accton_wedge100bf_32qs-22.04.20'
deleting '/nix/store/1dc8866va58sn2pfm4jv1sw38bgy3l9c-bf_router_RAWIP-module-wrapper'
deleting '/nix/store/1ndjnd742szp1f0xr3z2pcvw90k7k3ah-RARE-RAWIP-accton_wedge100bf_32x-22.04.20'
deleting '/nix/store/lwf9va7fsya34lxbrwlbngxa6ncpzgqw-bf_router_CGNAT-module-wrapper'
deleting '/nix/store/1ndpl79a81n9dd9jc08dqjlila169ppy-RARE-CGNAT-accton_wedge100bf_32x-22.04.20'
deleting '/nix/store/p0d46dh8bjcyb6hbbl88gvcy7k60dc5b-bf_router_WLC-module-wrapper'
deleting '/nix/store/1nf96hwfw4yr47p0idq1d4vnbxyyjx9k-RARE-WLC-accton_wedge100bf_32qs-22.04.20'
deleting '/nix/store/6hyg9x89dm9mhqc80wjxc5risfbimhz3-bf_router_CGNAT-module-wrapper'
deleting '/nix/store/2xizp29d6gvzm0nripwqhicnrpj7yzzw-RARE-CGNAT-accton_wedge100bf_65x-22.04.20'
deleting '/nix/store/cc8xgz0fk0kxs63q6pzxycpz1xwylidm-bf_router_FW-module-wrapper'
deleting '/nix/store/38rhynqy6bbix05qchz41nk4igl2z940-RARE-FW-accton_wedge100bf_32x-22.04.20'
deleting '/nix/store/facf7zi232adzcmvf6v59jlhn2dix82a-bf_router_CLEANER-module-wrapper'
deleting '/nix/store/3fqc801k2rs9jzg0a9shzcwxa1ny4in9-RARE-CLEANER-accton_wedge100bf_32x-22.04.20'
deleting '/nix/store/8n404l1dyah7414si1z8pkmn5kh7xcz4-bf_router_P-module-wrapper'
deleting '/nix/store/3kvh1x88yrd4pf314rha1lbykrj49pqc-RARE-P-accton_wedge100bf_65x-22.04.20'
deleting '/nix/store/saydxcsy56dkhdigljqvh4r8fl09wmya-bf_router_PE-module-wrapper'
deleting '/nix/store/40bk7gp0qpyaw33s1xi5p98nyxl5l8lr-RARE-PE-accton_wedge100bf_32qs-22.04.20'
deleting '/nix/store/6wnb8xvkbbn2fwiasl4qk0m4lkqdr5cd-bf_router_RENATER_PEERING_L2-module-wrapper'
deleting '/nix/store/4nkfdcjn33aqkpk2w4iy4jjcs91s90wg-RARE-RENATER_PEERING_L2-accton_wedge100bf_65x-22.04.20'
deleting '/nix/store/8dcvax9110d1yv28lh269lhifxkvsjks-bf_router_SRV6-module-wrapper'
deleting '/nix/store/5c14zyyvya788axmjkjfws09czy89x2l-RARE-SRV6-accton_wedge100bf_32qs-22.04.20'
deleting '/nix/store/78yw4qk5f9m7zs0p5ywmbkanca2dich2-bf_router_NFV-module-wrapper'
deleting '/nix/store/5hg2f9aqsrf4yd527mqj96vnybr55jn2-RARE-NFV-accton_wedge100bf_32x-22.04.20'
deleting '/nix/store/m8xj5265zssgmnhpa3fyxgmc5vqajb6d-bf_router_CGNAT-module-wrapper'
deleting '/nix/store/5ph8rbpm474lix1qcxr5h89b0wicsyfh-RARE-CGNAT-accton_wedge100bf_32qs-22.04.20'
deleting '/nix/store/cqv1apkva078405inn7dynbpjvxax2wk-bf_router_NOP_MCHOME-module-wrapper'
deleting '/nix/store/5wlq59l47w6jidk9zbz6ibq9im273l1s-RARE-NOP_MCHOME-accton_wedge100bf_65x-22.04.20'
deleting '/nix/store/akddhs3vwk458jn8bdp4bhz5vjd082ld-bf_router_KIFU_LNS-module-wrapper'
deleting '/nix/store/63b844kc9igiz9j0p5dds8y7mjv3avrb-RARE-KIFU_LNS-accton_wedge100bf_32qs-22.04.20'
deleting '/nix/store/w0kgh165zll2cygfhm0y5a8wk02l1ghp-bf_router_CERN_FLOWLAB-module-wrapper'
deleting '/nix/store/7b9g9359bivjhb8n3plng95f74g438a2-RARE-CERN_FLOWLAB-accton_wedge100bf_32x-22.04.20'
deleting '/nix/store/raha8ysmjbiai9i6r9y74r0snmg05wn3-bf_router_NFV-module-wrapper'
deleting '/nix/store/7r870gjidazs7iwfq8w2nqm6rgvvng45-RARE-NFV-accton_wedge100bf_65x-22.04.20'
deleting '/nix/store/jfg0c3hyhq34gqvvbmgcbysp3y6hppcx-bf_router_SRV6-module-wrapper'
deleting '/nix/store/84x8jbiwxfri796310ivq4zlxanm9fbq-RARE-SRV6-accton_wedge100bf_65x-22.04.20'
deleting '/nix/store/d4p1d40rnzla5cdg30asjk229i1imcpi-bf_router_TOR-module-wrapper'
deleting '/nix/store/86yd910wxkcbnvwv9zkd1j92adn74slc-RARE-TOR-accton_wedge100bf_32qs-22.04.20'
deleting '/nix/store/pim3z25qhwf400v49sllg9wr3qsc5nx5-bf_router_SRV6-module-wrapper'
deleting '/nix/store/8cj8yv4hmy3jvlz5425d3rf9rh2my5v3-RARE-SRV6-accton_wedge100bf_32x-22.04.20'
deleting '/nix/store/jxj635li345x6gmh0z2kx03avg6fbn18-bf_router_GEANT_TESTBED-module-wrapper'
deleting '/nix/store/8iqvc47bh81mcmjcf2qpcj5cd5lspsjd-RARE-GEANT_TESTBED-accton_wedge100bf_32x-22.04.20'
deleting '/nix/store/a3i0vwgmnqdkw9hwf9j16366h2p3j8yl-bf_router_RAWIP-module-wrapper'
deleting '/nix/store/8jzj7kcjfni4zp8klh18h7azpmkzdg4m-RARE-RAWIP-accton_wedge100bf_32qs-22.04.20'
deleting '/nix/store/yr1ywp3178jgg5lvgp1n181gkbw7wx80-bf_router_CPE-module-wrapper'
deleting '/nix/store/8rbyxql7mkcvfir7w2a3mrpdb247s2r2-RARE-CPE-accton_wedge100bf_65x-22.04.20'
deleting '/nix/store/dic0nv90fmws4qb1gfd3vgybh60vijrn-bf_router_BNG-module-wrapper'
deleting '/nix/store/b0zag51gf1b42xirdwybka6gw9wqjb7q-RARE-BNG-accton_wedge100bf_65x-22.04.20'
deleting '/nix/store/pbjv87yc1fg76z9ip51jh5jwnnl5f2lv-bf_router_GGSN-module-wrapper'
deleting '/nix/store/b2g5fcl0pa3d1h201xvj97kdic9gmyks-RARE-GGSN-accton_wedge100bf_65x-22.04.20'
deleting '/nix/store/41m13fkkx717gdpdvmpabzdvm9q7sbdn-bf_router_NFV-module-wrapper'
deleting '/nix/store/b4455zq1g5hz9n608xjcj7w16hn78zqm-RARE-NFV-accton_wedge100bf_32qs-22.04.20'
deleting '/nix/store/jndc2yc8k1fh25978ni9qmjgcbg8qpif-bf_router_CPE-module-wrapper'
deleting '/nix/store/b8zw62rlrf76pj7shl8cncwsf04r2591-RARE-CPE-accton_wedge100bf_32qs-22.04.20'
deleting '/nix/store/4zqm5xb9gz5wsfhnfq1ys03wa4msdr01-bf_router_P-module-wrapper'
deleting '/nix/store/bm179ic6y0yirl5w706fnzg5350xrg1i-RARE-P-accton_wedge100bf_32x-22.04.20'
deleting '/nix/store/qypvm5d3hhk1kfpcxpslp5glsjf63ngh-bf_router_BNG-module-wrapper'
deleting '/nix/store/bs3x7c0xirx23dvw54dks9dwzdnlyrq9-RARE-BNG-accton_wedge100bf_32x-22.04.20'
deleting '/nix/store/2qdgj37m1v7dd9y4hd7smlkmmwpksnl9-bf_router_BRAS-module-wrapper'
deleting '/nix/store/bxbkg4ldy8vp8vyxhalds4i5r381hra6-RARE-BRAS-accton_wedge100bf_65x-22.04.20'
deleting '/nix/store/ydadc343875wxq7wahg6irypy1d5ai49-bf_router_RAWIP-module-wrapper'
deleting '/nix/store/c385hb3f1aak7zr1mr9wrd5lshn3bsv2-RARE-RAWIP-accton_wedge100bf_65x-22.04.20'
deleting '/nix/store/491sp2yp52gc1g3915yabrg23kcgbgan-bf_router_CERN_FLOWLAB-module-wrapper'
deleting '/nix/store/dggirsskjymhll9sn2wd86wjgsr0qqz4-RARE-CERN_FLOWLAB-accton_wedge100bf_32qs-22.04.20'
deleting '/nix/store/xwsapy5gicbb5ghqg121449hykmfj4w6-bf_router_GEANT_TESTBED-module-wrapper'
deleting '/nix/store/dx4ni9b74r8yx3k04ac2ad888b44q35w-RARE-GEANT_TESTBED-accton_wedge100bf_65x-22.04.20'
deleting '/nix/store/41hsmjk27g162y37wwlk667rymagqkac-bf_router_RENATER_PEERING_L2-module-wrapper'
deleting '/nix/store/f5mwkk3alrhnk0dg0w8dsb38kyla3jrs-RARE-RENATER_PEERING_L2-accton_wedge100bf_32x-22.04.20'
deleting '/nix/store/jyv4aw4kmlq8dww9xxljzz9gqdrn929p-bf_router_BRAS-module-wrapper'
deleting '/nix/store/f8fwjfsznii4vizqqimc9bqp3icsajqb-RARE-BRAS-accton_wedge100bf_32qs-22.04.20'
deleting '/nix/store/nadbb9zsgf0xjph1qj9jf473sr5x3mhl-bf_router_WLC-module-wrapper'
deleting '/nix/store/fhinyyf6l3nd1hp1y00jsfnbmfwljh50-RARE-WLC-accton_wedge100bf_32x-22.04.20'
deleting '/nix/store/0kmpilyg9hb0wi4h1sqakhypk6ma5kqb-bf_router_GGSN-module-wrapper'
deleting '/nix/store/icajkhaxnm9zjgsd00bdpj4byqidb1fj-RARE-GGSN-accton_wedge100bf_32qs-22.04.20'
deleting '/nix/store/9y4d250jynj76bjjyj2fwg1h5xxn6khh-bf_router_RENATER_PEERING_L3-module-wrapper'
deleting '/nix/store/ifrp58sg4r2p9md0rpvqg94kyr6p3s8j-RARE-RENATER_PEERING_L3-accton_wedge100bf_32qs-22.04.20'
deleting '/nix/store/gcl46r7m63icmj4xf4mm8p3ffg8nbx74-bf_router_CPE-module-wrapper'
deleting '/nix/store/igyi3s2vykqjw1v82ws7igf2kcqvdy59-RARE-CPE-accton_wedge100bf_32x-22.04.20'
deleting '/nix/store/baibfm8dj490k4fw8fr57mcifpblqhc6-bf_router_NOP_MCHOME-module-wrapper'
deleting '/nix/store/jf2g2s87rycmbb569l2024kif2rzid3a-RARE-NOP_MCHOME-accton_wedge100bf_32qs-22.04.20'
deleting '/nix/store/4fgczn4kd8msxh6100bmr9g868ivxkk5-bf_router_CLEANER-module-wrapper'
deleting '/nix/store/k0a63vc12cahxfb5fmm6053mpirsrmn0-RARE-CLEANER-accton_wedge100bf_65x-22.04.20'
deleting '/nix/store/znpyqwp9bvk7j7dmq62822vr7p2497lb-bf_router_CLEANER-module-wrapper'
deleting '/nix/store/mmdccilk2rqazysc4zbf3qfpldga9dqy-RARE-CLEANER-accton_wedge100bf_32qs-22.04.20'
deleting '/nix/store/zbpqz34k7jv0rqzns8myav85981zrfpm-bf_router_RENATER_PEERING_L2-module-wrapper'
deleting '/nix/store/np27aqja21kdf8iklaj0yq76hmh8h47g-RARE-RENATER_PEERING_L2-accton_wedge100bf_32qs-22.04.20'
deleting '/nix/store/9ys6ips13dkzzkc211mc70vw6kqbdira-bf_router_IPIP-module-wrapper'
deleting '/nix/store/p710z1rfqqkdbbn1033ivhifs11c9bld-RARE-IPIP-accton_wedge100bf_32x-22.04.20'
deleting '/nix/store/pv6z21i83zqvimb5p0vk4rqwq8hm3zhm-bf_router_KIFU_LNS-module-wrapper'
deleting '/nix/store/p7x8gqnscfckzk5d7qabjmwqfh3vc7vd-RARE-KIFU_LNS-accton_wedge100bf_65x-22.04.20'
deleting '/nix/store/k3v500msn9l14903wzz9m0jqz6cvcgi4-bf_router_P-module-wrapper'
deleting '/nix/store/pgai9322gbaqlxnwqfn01lf1ia9b9nb0-RARE-P-accton_wedge100bf_32qs-22.04.20'
deleting '/nix/store/8jh2zf3ga6ljia6pncsbhbq312jdv2jv-bf_router_WLC-module-wrapper'
deleting '/nix/store/ppyh4py7m8cshfsg4jj9mbbzxbggr3yn-RARE-WLC-accton_wedge100bf_65x-22.04.20'
deleting '/nix/store/sncirba75qi1nrj2xp8vy4y982wp992q-bf_router_PE-module-wrapper'
deleting '/nix/store/qd0vgnjyv7ma8lvksyk013s7dmilyjx0-RARE-PE-accton_wedge100bf_65x-22.04.20'
deleting '/nix/store/0ndf44q81df4gbgq48idygn7kqp1i4gb-bf_router_TOR-module-wrapper'
deleting '/nix/store/ql80g8yfz8ilqswwkxinrmwd713mqg9s-RARE-TOR-accton_wedge100bf_65x-22.04.20'
deleting '/nix/store/0svfb2yng3lhk8ym6p3jcjx6pm1n32nd-bf_router_GRE-module-wrapper'
deleting '/nix/store/rbmpbswnm5dc1gwkcxrpby8wgqxyqnsp-RARE-GRE-accton_wedge100bf_32qs-22.04.20'
deleting '/nix/store/fdp2vj4v6zg5b7qh6wbdffyk8bad6gkx-bf_router_CERN_FLOWLAB-module-wrapper'
deleting '/nix/store/rmbp7kxsiww97mzf4ag0p3ikkm1jlyq3-RARE-CERN_FLOWLAB-accton_wedge100bf_65x-22.04.20'
deleting '/nix/store/n907cpsnxh4rrw55a39p2i6fh46438wn-bf_router_TOR-module-wrapper'
deleting '/nix/store/s8372kpn4vr3za5vpfxv5ajpzmcq6hnh-RARE-TOR-accton_wedge100bf_32x-22.04.20'
deleting '/nix/store/jwq739sis1rlj625lfsi2y7i4safjk7k-bf_router_RENATER_PEERING_L3-module-wrapper'
deleting '/nix/store/s9jshk61axdjz2zp6fwk65w27mfzccwg-RARE-RENATER_PEERING_L3-accton_wedge100bf_32x-22.04.20'
deleting '/nix/store/y01idpkyrm7mg61rb09w9xgkijsh4zb3-bf_router_IPIP-module-wrapper'
deleting '/nix/store/v4y1974fb0qhmxv95cjdli00r6az9zpk-RARE-IPIP-accton_wedge100bf_65x-22.04.20'
deleting '/nix/store/by1f7rr1cw5avywi3cl0gfi8cb94a6cl-bf_router_BRAS-module-wrapper'
deleting '/nix/store/vqmrqjwd6ask5qkblp4gmda25cpvbsvb-RARE-BRAS-accton_wedge100bf_32x-22.04.20'
deleting '/nix/store/wh5kwpzaypyzn2vi5bay9dy7r0nz6kxi-RARE-IPIP-accton_wedge100bf_32qs-22.04.20'
deleting '/nix/store/av239gw9lsmp2w8sf352if4j4z97rs5j-bf_router_KIFU_LNS-module-wrapper'
deleting '/nix/store/wsx4zxyamnpc1dfb9rf76gsvmshxifgx-RARE-KIFU_LNS-accton_wedge100bf_32x-22.04.20'
deleting '/nix/store/1l4vkpy9i8y67jvqdbcm9lqav8n48hzl-bf_router_FW-module-wrapper'
deleting '/nix/store/wvf1scj2rb445n6a3zly0p9p3p5j1q7y-RARE-FW-accton_wedge100bf_32qs-22.04.20'
deleting '/nix/store/v9pf0p8pca2p5h22rnp86mrm259afzh0-bf_router_PE-module-wrapper'
deleting '/nix/store/xils3ys3dkd5xbmkmwazxpps0hdl77sy-RARE-PE-accton_wedge100bf_32x-22.04.20'
deleting '/nix/store/lrv8vzypa5ylq0chrm1ygqd4wbpzl7pj-bf_router_GEANT_TESTBED-module-wrapper'
deleting '/nix/store/y45wigigshsz57ka9mcbs8rp5fslikwr-RARE-GEANT_TESTBED-accton_wedge100bf_32qs-22.04.20'
deleting '/nix/store/vd0cr7ipvxw1r5hkgj0y0c4lv8w42y3c-bf_router_NOP_MCHOME-module-wrapper'
deleting '/nix/store/yly4vrlzz4hwjjazpr8s1w84i3m39i8b-RARE-NOP_MCHOME-accton_wedge100bf_32x-22.04.20'
deleting '/nix/store/051dxyvr4lb21qd5m9nws76x8zcd4fx2-bf_router_GGSN-module-wrapper'
deleting '/nix/store/z3dnjxanx3pfp1p101mq46m8r7wyqj4r-RARE-GGSN-accton_wedge100bf_32x-22.04.20'
deleting '/nix/store/cc9i873qaqmzpi4jzjp81y51y2y299l6-bf_router_GRE-module-wrapper'
deleting '/nix/store/zy0zn7ml896vnz2slig3l0iqklasagm0-RARE-GRE-accton_wedge100bf_65x-22.04.20'
deleting '/nix/store/hircl2fd44x824h0mj3rzjk7his40fax-bf_router_RENATER_PEERING_L3-module-wrapper'
deleting '/nix/store/zzh2cqiifk36vhdj2mq888apxj2zhv4s-RARE-RENATER_PEERING_L3-accton_wedge100bf_65x-22.04.20'
deleting '/nix/store/kimqci7gbqx7jb1pnj4janxb2v7v5966-bf-sde-accton-runtime-9.7.1'
deleting '/nix/store/3wszh0jzxpxzcc47xrvd6xglivnpynw7-bf-tools-runtime-9.7.1'
deleting '/nix/store/z233jwyhaj28hixffaa0d0lrjhfa0dw1-bf-sde-accton-runtime-env-9.7.1'
deleting '/nix/store/xwpv39vbk7cbnmj7aa35vxsf2lh5x51x-bf-platforms-accton-9.7.1'
deleting '/nix/store/j2kp83hb8p0i8gdf5n2vlg9jz0qk6ks4-bf-forwarder-RENATER_PEERING_L2'
deleting '/nix/store/6l5qq6gj6f3pz7s0qj0dj56xnkj814ls-bf_router_CPE-module-wrapper'
deleting '/nix/store/y32lcry78hn8qw6jxlzqfvi5hl38dvy3-bf-forwarder-IPIP'
deleting '/nix/store/p4gq3g9xp2kk9fy48l9m1ffbkfd3vgd6-bf_router_PE-module-wrapper'
deleting '/nix/store/n62bbsax9mhssiqpyn5kh7vh3n91bfdj-RARE-PE-stordis_bf6064x_t-22.04.20'
deleting '/nix/store/iy7534p0581q3cj798gwfjd2zcp1g51l-bf_router_CGNAT-module-wrapper'
deleting '/nix/store/d72c042nx9m4i5jdlply8280h38jfa8w-bf-forwarder-NOP_MCHOME'
deleting '/nix/store/852qmngja1jigph7ppd5ljshpag7rc61-RARE-CPE-stordis_bf6064x_t-22.04.20'
deleting '/nix/store/wli5axcyfdwkfrvs8p78bh0akk3p68gp-bf_router_CPE-artifacts-22.04.20'
deleting '/nix/store/dly1z5znqbarjkjpi8xn1vagzxyq5cc6-bf_router_BNG-module-wrapper'
deleting '/nix/store/8rf02nkw0sj9wjgi9m9ixrn7qiqlygr4-RARE-BNG-stordis_bf6064x_t-22.04.20'
deleting '/nix/store/n6y9daa1acpvliya03bp6cd61czly5mb-bf_router_TOR-module-wrapper'
deleting '/nix/store/x5m2f7d7sj3ghyy16ind6n4y75vm4559-bf_router_CERN_FLOWLAB-module-wrapper'
deleting '/nix/store/0zl7i1br7anfmb8pxp24jii7xhbfgp82-RARE-CERN_FLOWLAB-stordis_bf6064x_t-22.04.20'
deleting '/nix/store/xmingv44vqyaf6cbcypll2a463sms23h-bf_router_CERN_FLOWLAB-artifacts-22.04.20'
deleting '/nix/store/zs2n36mrgz3r007118kkh2f1c0233k9y-bf_router_PE-artifacts-22.04.20'
deleting '/nix/store/37m0rhyrzv33f92vwrxnl78mgkhfylss-bf_router_NFV-module-wrapper'
deleting '/nix/store/k69s8m558q5q39ccki7l8528ks7mfkzd-RARE-NFV-stordis_bf6064x_t-22.04.20'
deleting '/nix/store/b548szn45w75kkayz82y4h2p3jqbkw93-bf_router_NFV-artifacts-22.04.20'
deleting '/nix/store/aqfmabq0p7madgd5vyzjynz0g0vnp247-bf-forwarder-BRAS'
deleting '/nix/store/jpf4lnc0zh6fm39kls3bdfbh4xxjgrac-bf_router_RAWIP-module-wrapper'
deleting '/nix/store/jhd7w1c78i6jjg978vnbfflx99whk17r-RARE-RAWIP-stordis_bf6064x_t-22.04.20'
deleting '/nix/store/ji60ackkk4kdfcq4hin8iymgwq68azmg-bf_router_RAWIP-artifacts-22.04.20'
deleting '/nix/store/bl04v2qicv12j9hi94f7vq2m9i6m76dg-bf_router_FW-module-wrapper'
deleting '/nix/store/045723gjykl2gnnzqadaabgv6af34nmm-RARE-FW-stordis_bf6064x_t-22.04.20'
deleting '/nix/store/s8g8ifvzkz6hxifv18r145gxf55aazld-bf_router_RENATER_PEERING_L3-module-wrapper'
deleting '/nix/store/3rrnvn15mgrnhm6qr4kysgkmdi06l65g-RARE-RENATER_PEERING_L3-stordis_bf6064x_t-22.04.20'
deleting '/nix/store/sfivg6bga8vim3anxjjhizy9bvgij2f2-bf_router_SRV6-module-wrapper'
deleting '/nix/store/8c7nlpx9pl12np0q6hz2s2jfxdi73f00-RARE-SRV6-stordis_bf6064x_t-22.04.20'
deleting '/nix/store/wik4cbh2q4s2i4wx1sg8fhzkpq3pirjk-bf_router_BRAS-module-wrapper'
deleting '/nix/store/9xzy6qgzrcv1nja344gp4dkrz1pv19r1-RARE-BRAS-stordis_bf6064x_t-22.04.20'
deleting '/nix/store/armsam9qlmrcf8hkwkpa94dxc6n4zc6p-RARE-TOR-stordis_bf6064x_t-22.04.20'
deleting '/nix/store/1r52p9qx93mhs8xr9vsz34fkhq1ymjwj-bf_router_GGSN-module-wrapper'
deleting '/nix/store/bwp8jx60w3kznrv30x9z7xrxci30gg6z-RARE-GGSN-stordis_bf6064x_t-22.04.20'
deleting '/nix/store/f8xyqg7vwmsknq6xz0phlxsam6gkq0pp-RARE-CGNAT-stordis_bf6064x_t-22.04.20'
deleting '/nix/store/98jhfb6sf1lqgb4ihl8bg8279jl0cd61-bf_router_GRE-module-wrapper'
deleting '/nix/store/kprh58636bcq158r5v530h4fwhs32rgi-RARE-GRE-stordis_bf6064x_t-22.04.20'
deleting '/nix/store/qrwh26ns15cia64pb9j2asxwzyyp20rw-bf_router_KIFU_LNS-module-wrapper'
deleting '/nix/store/pgwrr3xnx6075kr79yldfyr07782lhw2-RARE-KIFU_LNS-stordis_bf6064x_t-22.04.20'
deleting '/nix/store/qys59k4mcg1w1qdn9xa00cs9rcgsjik2-bf_router_CLEANER-module-wrapper'
deleting '/nix/store/r0vc444l9iknj6156l7vzg3zhiv6c8aw-RARE-CLEANER-stordis_bf6064x_t-22.04.20'
deleting '/nix/store/qjbz76y8wmwgypdg08jkjh263z014213-bf_router_NOP_MCHOME-module-wrapper'
deleting '/nix/store/wl1fn3sw4rd0j300xkpwhdw9z609ivxh-RARE-NOP_MCHOME-stordis_bf6064x_t-22.04.20'
deleting '/nix/store/kdvq8da21qzx7imi8i9r5kl2fwp12d20-bf_router_WLC-module-wrapper'
deleting '/nix/store/wxw9yck9q33ipgn0q572ad157scjy0r3-RARE-WLC-stordis_bf6064x_t-22.04.20'
deleting '/nix/store/2gg17rl9ypfqd1lan86rqlrgl2fzvzwl-bf_router_GEANT_TESTBED-module-wrapper'
deleting '/nix/store/xv5i2lz939nlxlbnr72v7ly762k8h2ql-RARE-GEANT_TESTBED-stordis_bf6064x_t-22.04.20'
deleting '/nix/store/yjvfz8drq54ypwifrp5x3h4hakjkvq1h-RARE-IPIP-stordis_bf6064x_t-22.04.20'
deleting '/nix/store/v5zg47px4y2xvcixqwdaddy8ryp2ji2g-bf_router_RENATER_PEERING_L2-module-wrapper'
deleting '/nix/store/z5h4i5djxxqy42q5y9rl14lcmqj0vhs7-RARE-RENATER_PEERING_L2-stordis_bf6064x_t-22.04.20'
deleting '/nix/store/5nbjy61wlxcgf162qkpk457hbav1qj6m-bf-sde-aps_bf6064-runtime-9.7.1'
deleting '/nix/store/pa1izy94mi1vmkj266xfj0r4q9npr5ar-bf_router_IPIP-artifacts-22.04.20'
deleting '/nix/store/acha89x12ijal7ha5w8npnh3nlgs59s7-bf-forwarder-SRV6'
deleting '/nix/store/nqza3b1jjnh3ir9l3826apdg1f1mjjbh-slice'
deleting '/nix/store/2zmri4bn63bwhfvkn27i0n6gsl3f2vmv-slice'
deleting '/nix/store/2jhablqxjmnh767mn0xz2i8h4kyrd70d-bf_router_KIFU_LNS-artifacts-22.04.20'
deleting '/nix/store/8k4px7hh3c2yhzlyk5clwyj2w34lbrli-bf-forwarder-GEANT_TESTBED'
deleting '/nix/store/x8jcad0sph85070p9vlxkjz7z2djccqh-bf-forwarder-CPE'
deleting '/nix/store/ljycrrymsxw7h6pi41h1mb8nlsw66c00-bf-forwarder-PE'
deleting '/nix/store/f9y8nqqgqz9q2icxwahim8kp1rz7nj9z-bf_router_WLC-artifacts-22.04.20'
deleting '/nix/store/ni7inzifn650qkgmwn6njs7ilxn55g0h-bf_router_BNG-artifacts-22.04.20'
deleting '/nix/store/4hxcpsh48q8hg3p5mw93b9igddiznb5q-bf_router_GEANT_TESTBED-artifacts-22.04.20'
deleting '/nix/store/v1zdd1ka2610rzg7skl5scd8gim8hylw-bf_router_GRE-artifacts-22.04.20'
deleting '/nix/store/kbj636k876in0qp1sbxy4sqa349hi37p-bf_router_RENATER_PEERING_L2-artifacts-22.04.20'
deleting '/nix/store/jn42l5zpn6wqlk7d3hdi933iw6z30pyd-bf-forwarder-RAWIP'
deleting '/nix/store/b75ai3y392z9yniqx8jf4ay8snc41vlv-bf_router_FW-artifacts-22.04.20'
deleting '/nix/store/im6y1ickzpycy3qwn6mbf5gcl14mn3q0-bf-forwarder-CERN_FLOWLAB'
deleting '/nix/store/5hpalk2jgqr4vcymb754sil1kw3paz3z-bf-tools-runtime-9.7.1'
deleting '/nix/store/l1wpfc76wyfjh1wbqwqxfa6ik4rxdaay-bf-sde-aps_bf6064-runtime-env-9.7.1'
deleting '/nix/store/v4pbn27cn90kfjz4yxdkr7ifmqmzjy0r-bf-forwarder-NFV'
deleting '/nix/store/cz2zcfw5khw8w2xil2pjb5mfib1ypjh3-bf-forwarder-FW'
deleting '/nix/store/0l60mvw4mil0qifkk3vasbsw0xrxz4in-bf-forwarder-CLEANER'
deleting '/nix/store/1smgxcffp6gfrqni34g5x1k9lphbb5as-bf-forwarder-CGNAT'
deleting '/nix/store/6z0rsd8zb1gddicxsa7jl9rmjcmi255w-bf-forwarder-TOR'
deleting '/nix/store/7l72d94q04q0v03fwd1jk0grc7ngchvx-bf-forwarder-KIFU_LNS'
deleting '/nix/store/gw8bjl1mn7glidfq84c81i7q4jw35qwc-bf-forwarder-P'
deleting '/nix/store/j9i5b03h99g88r89f8kmgq6f88a53l40-bf-forwarder-BNG'
deleting '/nix/store/mx2wj3mr3lmjhdypdz0y4fh1gkkxyv8x-bf-forwarder-GRE'
deleting '/nix/store/r8k483j07ndkif12gz8ivbv6zdzp59f5-bf-forwarder-WLC'
deleting '/nix/store/y46q5acnji42rzi7lkbikgf1q1nsyn04-bf-forwarder-RENATER_PEERING_L3'
deleting '/nix/store/5y63h6xf9khb5jml28kfhmxbviwbpkxb-bf_forwarder-22.04.20'
deleting '/nix/store/sdf2qb80xjf9g312r4nx42gfvach9d8x-bf_router_BRAS-artifacts-22.04.20'
deleting '/nix/store/wzxzx9wcfgss0bh81j5pqy6z2i1wqwd6-bf_router_TOR-artifacts-22.04.20'
deleting '/nix/store/gpkwjxqybj1n2wfc7gq5ixm1kmcwm076-bf_router_SRV6-artifacts-22.04.20'
deleting '/nix/store/rlznsmgh5jvg9r4v8fs0yggdfx2ak96g-bf_router_RENATER_PEERING_L3-artifacts-22.04.20'
deleting '/nix/store/av8vzs07ynmqbpdnv09vqhi6yfqikhj7-bf_router_CGNAT-artifacts-22.04.20'
deleting '/nix/store/8xd7sdrzxh63x1mrhwjcbaqbjqb50i3z-bf-platforms-aps_bf6064-9.7.1'
deleting '/nix/store/4k7l0j2hzlshsyqajnz3x38kv8ygqiny-slice'
deleting '/nix/store/bwqxwwwj324fwslr0zm7jj1rcazz8s5w-bf_router_CLEANER-artifacts-22.04.20'
deleting '/nix/store/7v5bf99x7biwm7h7zmcnn0j84xkzl3hf-bf_router_GGSN-artifacts-22.04.20'
deleting '/nix/store/l9m5d0ajgiql7r5skck2b8zvxh20ljic-bf_router_NOP_MCHOME-artifacts-22.04.20'
deleting '/nix/store/i1vaa8as7vdcnfhny2bbh1h5wfgz7k1v-slice'
deleting '/nix/store/5gk9cna6a2dwqjbhp4zk48dvfw5lmcl7-bf_router_P-artifacts-22.04.20'
deleting '/nix/store/trash'
deleting unused links...
note: currently hard linking saves -0.00 MiB
258 store paths deleted, 203.08 MiB freed

[01;32mInstalling GRUB
[0m
[01;32mInstalling GRUB default for stordis_bf2556x_1t
[0mGenerating grub configuration file ...
Found linux image: /boot/vmlinuz-5.10.0-8-amd64
Found initrd image: /boot/initrd.img-5.10.0-8-amd64
done
Installing for x86_64-efi platform.
grub-install: warning: EFI variables are not supported on this system..
Installation finished. No error reported.

[01;32mUpdating EFI boot order
[0mBootCurrent: 0005
Timeout: 1 seconds
BootOrder: 0001,0005,0002,0004,0003,0007,0006,0000
Boot0000* ubuntu
Boot0002* Hard Drive
Boot0003* UEFI: Built-in EFI Shell
Boot0004* Network Card
Boot0005* ONIE
Boot0006* UEFI: General USB Flash Disk 1100, Partition 1
Boot0007* USB
Boot0001* RARE-OS
discover: installer mode detected.
Stopping: discover...start-stop-daemon: warning: killing process 993: No such process
Terminated
ONIE:/ #  done.
Stopping: dropbear ssh daemon... done.
Stopping: telnetd... done.
Stopping: klogd... done.
Stopping: syslogd... done.
Info: Unmounting kernel filesystems
umount: can't remount devpts read-only
umount: devtmpfs busy - remounted read-only
umount: can't unmount /: Invalid argument
The system is going down NOW!
Sent SIGTERM to all processes
Sent SIGKILL toreboot: Restarting system
[2J[1;1H[1;1H[25;78H98[1;1H[25;78H9D[1;1H[25;78H9C[1;1H[25;78H9D[1;1H[25;78H9C[1;1H[25;78HB4[1;1H[25;78HB4[1;1H[25;78HB4[1;1H[25;78HB4[1;1H[25;78H92[1;1H[25;78HA0[1;1H[25;78HA2[1;1H€ € [0m[1m[25;78HB2[1;1H[2J[1;1H[01;00H[0m[2;37;40m                                                                                [02;00H                                                                                [03;00H                                                                                [04;00H                                                                                [05;00H                                                                                [06;00H                                                                                [07;00H                                                                                [08;00H                                                                                [09;00H                                                                                [10;00H                                                                                [11;00H                                                                                [12;00H                                                                                [13;00H                                                                                [14;00H                                                                                [15;00H                                                                                [16;00H                                                                                [17;00H                                                                                [18;00H                                                                                [19;00H                                                                                [20;00H                                                                                [21;00H                                                                                [22;00H                                                                                [23;00H                                                                                [24;00H                                                                               [24;00H[00;01H[2J[1;1H[2J[1;1H[1;1H                                                                                                                                                                                                                                                                                                                                                                                                                                                                                                                                                                                                                                                                                                                                                                                                                                                                                                                                                                                                                                                                                                                                                                                                                                                                                                                                                                                                                                                                                                                                                                                                                                                                                                                                                                                                                                                                                                                                                                                                                                                                             B2[1;1H[0;37;40m[2J[1;1H[1;1H[1;1HVersion 2.19.1269. Copyright (C) 2021 American Megatrends, Inc.                 [2;1HBIOS Date: 02/05/2021 10:40:11 Ver: BF2556X-1T-A1F 1.3.0                        [3;1H                                                                                [4;1H                                                                                [5;1H                                                                                [6;1H                                                                                [7;1H                                                                                [8;1H                                                                                [9;1H                                                                                [10;1H                                                                                [11;1H                                                                                [12;1H                                                                                [13;1H                                                                                [14;1H                                                                                [15;1H                                                                                [16;1H                                                                                [17;1H                                                                                [18;1H                                                                                [19;1H                                                                                [20;1H                                                                                [21;1H                                                                                [22;1H                                                                                [23;1H                                                                                [24;1H                                                                                [25;1H                                                                               [3;1H[3;1HPress <DEL> or <ESC> to enter setup.[0;30;47mWelcome to GRUB!

[0;37;40merror: can't find command `Adding'.
[0;30;40m[2J[1;1H[0;37;40m[2;28HGNU GRUB  version 2.04-20

[0;36;44m[4;2H/----------------------------------------------------------------------------\[5;2H|[5;79H|[6;2H|[6;79H|[7;2H|[7;79H|[8;2H|[8;79H|[9;2H|[9;79H|[10;2H|[10;79H|[11;2H|[11;79H|[12;2H|[12;79H|[13;2H|[13;79H|[14;2H|[14;79H|[15;2H|[15;79H|[16;2H|[16;79H|[17;2H|[17;79H|[18;2H\----------------------------------------------------------------------------/[19;2H[20;2H[0;37;40m     Use the ^ and v keys to select which entry is highlighted.          
      Press enter to boot the selected OS, `e' to edit the commands       
      before booting or `c' for a command-line.                           [5;80H [1;37;44m[5;3H*GNU/Linux                                                                  [0;36;44m[5;78H[0;37;40m[0;36;44m[6;3H Advanced options for GNU/Linux                                             [6;78H[0;37;40m[0;36;44m[7;3H ONIE                                                                       [7;78H[0;37;40m[0;36;44m[8;3H                                                                            [8;78H[0;37;40m[0;36;44m[9;3H                                                                            [9;78H[0;37;40m[0;36;44m[10;3H                                                                            [10;78H[0;37;40m[0;36;44m[11;3H                                                                            [11;78H[0;37;40m[0;36;44m[12;3H                                                                            [12;78H[0;37;40m[0;36;44m[13;3H                                                                            [13;78H[0;37;40m[0;36;44m[14;3H                                                                            [14;78H[0;37;40m[0;36;44m[15;3H                                                                            [15;78H[0;37;40m[0;36;44m[16;3H                                                                            [16;78H[0;37;40m[0;36;44m[17;3H                                                                            [17;78H[0;37;40m[17;80H [5;78H[23;1H   The highlighted entry will be executed automatically in 5s.                 [5;78H[23;1H   The highlighted entry will be executed automatically in 4s.                 [5;78H[23;1H   The highlighted entry will be executed automatically in 3s.                 [5;78H[23;1H   The highlighted entry will be executed automatically in 2s.                 [5;78H[23;1H   The highlighted entry will be executed automatically in 1s.                 [5;78H[23;1H   The highlighted entry will be executed automatically in 0s.                 [5;78H[0;30;40m[2J[1;1H[0;37;40m[0;30;40m[2J[1;1H[0;37;40m  Booting `GNU/Linux'

Loading Linux 5.10.0-8-amd64 ...
Loading initial ramdisk ...
error: no suitable video mode found.
Booting in blind mode
[    0.000000] Linux version 5.10.0-8-amd64 (debian-kernel@lists.debian.org) (gcc-10 (Debian 10.2.1-6) 10.2.1 20210110, GNU ld (GNU Binutils for Debian) 2.35.2) #1 SMP Debian 5.10.46-4 (2021-08-03)
[    0.000000] Command line: BOOT_IMAGE=/boot/vmlinuz-5.10.0-8-amd64 root=/dev/sda3 ro console=ttyS0,115200n8
[    0.000000] x86/fpu: Supporting XSAVE feature 0x001: 'x87 floating point registers'
[    0.000000] x86/fpu: Supporting XSAVE feature 0x002: 'SSE registers'
[    0.000000] x86/fpu: Supporting XSAVE feature 0x004: 'AVX registers'
[    0.000000] x86/fpu: xstate_offset[2]:  576, xstate_sizes[2]:  256
[    0.000000] x86/fpu: Enabled xstate features 0x7, context size is 832 bytes, using 'standard' format.
[    0.000000] BIOS-provided physical RAM map:
[    0.000000] BIOS-e820: [mem 0x0000000000000000-0x000000000009ffff] usable
[    0.000000] BIOS-e820: [mem 0x00000000000a0000-0x00000000000fffff] reserved
[    0.000000] BIOS-e820: [mem 0x0000000000100000-0x00000000799cffff] usable
[    0.000000] BIOS-e820: [mem 0x00000000799d0000-0x0000000079b41fff] reserved
[    0.000000] BIOS-e820: [mem 0x0000000079b42000-0x0000000079c24fff] usable
[    0.000000] BIOS-e820: [mem 0x0000000079c25000-0x0000000079febfff] ACPI NVS
[    0.000000] BIOS-e820: [mem 0x0000000079fec000-0x000000007bd30fff] reserved
[    0.000000] BIOS-e820: [mem 0x000000007bd31000-0x000000007bd87fff] type 20
[    0.000000] BIOS-e820: [mem 0x000000007bd88000-0x000000007bd88fff] usable
[    0.000000] BIOS-e820: [mem 0x000000007bd89000-0x000000007be0efff] reserved
[    0.000000] BIOS-e820: [mem 0x000000007be0f000-0x000000007bffffff] usable
[    0.000000] BIOS-e820: [mem 0x000000007c000000-0x000000008fffffff] reserved
[    0.000000] BIOS-e820: [mem 0x00000000fed1c000-0x00000000fed1ffff] reserved
[    0.000000] BIOS-e820: [mem 0x00000000ff000000-0x00000000ffffffff] reserved
[    0.000000] BIOS-e820: [mem 0x0000000100000000-0x000000087fffffff] usable
[    0.000000] NX (Execute Disable) protection: active
[    0.000000] efi: EFI v2.40 by American Megatrends
[    0.000000] efi: TPMFinalLog=0x79fd4000 ESRT=0x7bd2e218 ACPI=0x79c75000 ACPI 2.0=0x79c75000 SMBIOS=0xf05e0 SMBIOS 3.0=0xf0600 
[    0.000000] secureboot: Secure boot could not be determined (mode 0)
[    0.000000] SMBIOS 3.0.0 present.
[    0.000000] DMI: STORDIS BF2556X-1T-A1F/Default string, BIOS 1.3.0 02/05/2021
[    0.000000] tsc: Fast TSC calibration using PIT
[    0.000000] tsc: Detected 1999.958 MHz processor
[    0.000067] last_pfn = 0x880000 max_arch_pfn = 0x400000000
[    0.000677] x86/PAT: Configuration [0-7]: WB  WC  UC- UC  WB  WP  UC- WT  
[    0.001612] last_pfn = 0x7c000 max_arch_pfn = 0x400000000
[    0.011506] found SMP MP-table at [mem 0x000fce60-0x000fce6f]
[    0.011524] esrt: Reserving ESRT space from 0x000000007bd2e218 to 0x000000007bd2e250.
[    0.011532] Using GB pages for direct mapping
[    0.011761] RAMDISK: [mem 0x34c1b000-0x36604fff]
[    0.011764] ACPI: Early table checksum verification disabled
[    0.011766] ACPI: RSDP 0x0000000079C75000 000024 (v02 ALASKA)
[    0.011771] ACPI: XSDT 0x0000000079C750A0 0000BC (v01 ALASKA A M I    01072009 AMI  00010013)
[    0.011778] ACPI: FACP 0x0000000079C8E800 00010C (v05 ALASKA A M I    01072009 AMI  00010013)
[    0.011785] ACPI: DSDT 0x0000000079C751F0 01960F (v02 ALASKA A M I    01072009 INTL 20091013)
[    0.011789] ACPI: FACS 0x0000000079FD2F80 000040
[    0.011793] ACPI: APIC 0x0000000079C8E910 00014C (v03 ALASKA A M I    01072009 AMI  00010013)
[    0.011797] ACPI: FPDT 0x0000000079C8EA60 000044 (v01 ALASKA A M I    01072009 AMI  00010013)
[    0.011801] ACPI: FIDT 0x0000000079C8EAA8 00009C (v01 ALASKA A M I    01072009 AMI  00010013)
[    0.011805] ACPI: MCFG 0x0000000079C8EB48 00003C (v01 ALASKA A M I    01072009 MSFT 00000097)
[    0.011809] ACPI: UEFI 0x0000000079C8EB88 000042 (v01                 00000000      00000000)
[    0.011813] ACPI: DBG2 0x0000000079C8EBD0 000072 (v00 ALASKA A M I    00000000 INTL 20091013)
[    0.011817] ACPI: HPET 0x0000000079C8EC48 000038 (v01 ALASKA A M I    00000001 INTL 20091013)
[    0.011821] ACPI: MSCT 0x0000000079C8EC80 000090 (v01 ALASKA A M I    00000001 INTL 20091013)
[    0.011825] ACPI: SLIT 0x0000000079C8ED10 00002D (v01 ALASKA A M I    00000001 INTL 20091013)
[    0.011829] ACPI: SRAT 0x0000000079C8ED40 001158 (v03 ALASKA A M I    00000001 INTL 20091013)
[    0.011833] ACPI: WDDT 0x0000000079C8FE98 000040 (v01 ALASKA A M I    00000000 INTL 20091013)
[    0.011836] ACPI: SSDT 0x0000000079C8FED8 00ED6F (v01 AMI    PmMgt    00000001 INTL 20120913)
[    0.011841] ACPI: SPCR 0x0000000079C9EC48 000050 (v02 A M I  APTIO V  01072009 AMI. 0005000B)
[    0.011845] ACPI: TPM2 0x0000000079C9EC98 000034 (v03        Tpm2Tabl 00000001 AMI  00000000)
[    0.011849] ACPI: SSDT 0x0000000079C9ECD0 0020CB (v02 ALASKA SpsNm    00000002 INTL 20120913)
[    0.011853] ACPI: SSDT 0x0000000079CA0DA0 000064 (v02 ALASKA SpsNvs   00000002 INTL 20120913)
[    0.011857] ACPI: PRAD 0x0000000079CA0E08 000102 (v02 ALASKA A M I    00000002 INTL 20120913)
[    0.011861] ACPI: DMAR 0x0000000079CA0F10 0000DC (v01 ALASKA A M I    00000001 INTL 20091013)
[    0.011865] ACPI: Reserving FACP table memory at [mem 0x79c8e800-0x79c8e90b]
[    0.011867] ACPI: Reserving DSDT table memory at [mem 0x79c751f0-0x79c8e7fe]
[    0.011869] ACPI: Reserving FACS table memory at [mem 0x79fd2f80-0x79fd2fbf]
[    0.011870] ACPI: Reserving APIC table memory at [mem 0x79c8e910-0x79c8ea5b]
[    0.011871] ACPI: Reserving FPDT table memory at [mem 0x79c8ea60-0x79c8eaa3]
[    0.011873] ACPI: Reserving FIDT table memory at [mem 0x79c8eaa8-0x79c8eb43]
[    0.011874] ACPI: Reserving MCFG table memory at [mem 0x79c8eb48-0x79c8eb83]
[    0.011876] ACPI: Reserving UEFI table memory at [mem 0x79c8eb88-0x79c8ebc9]
[    0.011877] ACPI: Reserving DBG2 table memory at [mem 0x79c8ebd0-0x79c8ec41]
[    0.011879] ACPI: Reserving HPET table memory at [mem 0x79c8ec48-0x79c8ec7f]
[    0.011880] ACPI: Reserving MSCT table memory at [mem 0x79c8ec80-0x79c8ed0f]
[    0.011882] ACPI: Reserving SLIT table memory at [mem 0x79c8ed10-0x79c8ed3c]
[    0.011883] ACPI: Reserving SRAT table memory at [mem 0x79c8ed40-0x79c8fe97]
[    0.011885] ACPI: Reserving WDDT table memory at [mem 0x79c8fe98-0x79c8fed7]
[    0.011886] ACPI: Reserving SSDT table memory at [mem 0x79c8fed8-0x79c9ec46]
[    0.011888] ACPI: Reserving SPCR table memory at [mem 0x79c9ec48-0x79c9ec97]
[    0.011889] ACPI: Reserving TPM2 table memory at [mem 0x79c9ec98-0x79c9eccb]
[    0.011891] ACPI: Reserving SSDT table memory at [mem 0x79c9ecd0-0x79ca0d9a]
[    0.011892] ACPI: Reserving SSDT table memory at [mem 0x79ca0da0-0x79ca0e03]
[    0.011894] ACPI: Reserving PRAD table memory at [mem 0x79ca0e08-0x79ca0f09]
[    0.011895] ACPI: Reserving DMAR table memory at [mem 0x79ca0f10-0x79ca0feb]
[    0.011919] SRAT: PXM 0 -> APIC 0x00 -> Node 0
[    0.011920] SRAT: PXM 0 -> APIC 0x02 -> Node 0
[    0.011921] SRAT: PXM 0 -> APIC 0x04 -> Node 0
[    0.011923] SRAT: PXM 0 -> APIC 0x06 -> Node 0
[    0.011924] SRAT: PXM 0 -> APIC 0x08 -> Node 0
[    0.011925] SRAT: PXM 0 -> APIC 0x0a -> Node 0
[    0.011926] SRAT: PXM 0 -> APIC 0x0c -> Node 0
[    0.011927] SRAT: PXM 0 -> APIC 0x0e -> Node 0
[    0.011928] SRAT: PXM 0 -> APIC 0x01 -> Node 0
[    0.011929] SRAT: PXM 0 -> APIC 0x03 -> Node 0
[    0.011931] SRAT: PXM 0 -> APIC 0x05 -> Node 0
[    0.011932] SRAT: PXM 0 -> APIC 0x07 -> Node 0
[    0.011933] SRAT: PXM 0 -> APIC 0x09 -> Node 0
[    0.011934] SRAT: PXM 0 -> APIC 0x0b -> Node 0
[    0.011935] SRAT: PXM 0 -> APIC 0x0d -> Node 0
[    0.011936] SRAT: PXM 0 -> APIC 0x0f -> Node 0
[    0.011946] ACPI: SRAT: Node 0 PXM 0 [mem 0x00000000-0x7fffffff]
[    0.011948] ACPI: SRAT: Node 0 PXM 0 [mem 0x100000000-0x87fffffff]
[    0.011957] NUMA: Node 0 [mem 0x00000000-0x7fffffff] + [mem 0x100000000-0x87fffffff] -> [mem 0x00000000-0x87fffffff]
[    0.011970] NODE_DATA(0) allocated [mem 0x87ffd5000-0x87fffefff]
[    0.012408] Zone ranges:
[    0.012410]   DMA      [mem 0x0000000000001000-0x0000000000ffffff]
[    0.012412]   DMA32    [mem 0x0000000001000000-0x00000000ffffffff]
[    0.012414]   Normal   [mem 0x0000000100000000-0x000000087fffffff]
[    0.012416]   Device   empty
[    0.012417] Movable zone start for each node
[    0.012422] Early memory node ranges
[    0.012424]   node   0: [mem 0x0000000000001000-0x000000000009ffff]
[    0.012425]   node   0: [mem 0x0000000000100000-0x00000000799cffff]
[    0.012427]   node   0: [mem 0x0000000079b42000-0x0000000079c24fff]
[    0.012428]   node   0: [mem 0x000000007bd88000-0x000000007bd88fff]
[    0.012430]   node   0: [mem 0x000000007be0f000-0x000000007bffffff]
[    0.012431]   node   0: [mem 0x0000000100000000-0x000000087fffffff]
[    0.012435] Initmem setup node 0 [mem 0x0000000000001000-0x000000087fffffff]
[    0.012784]   DMA zone: 28769 pages in unavailable ranges
[    0.019040]   DMA32 zone: 25435 pages in unavailable ranges
[    0.019636] ACPI: PM-Timer IO Port: 0x408
[    0.019647] ACPI: LAPIC_NMI (acpi_id[0x00] high level lint[0x1])
[    0.019648] ACPI: LAPIC_NMI (acpi_id[0x02] high level lint[0x1])
[    0.019649] ACPI: LAPIC_NMI (acpi_id[0x04] high level lint[0x1])
[    0.019651] ACPI: LAPIC_NMI (acpi_id[0x06] high level lint[0x1])
[    0.019652] ACPI: LAPIC_NMI (acpi_id[0x08] high level lint[0x1])
[    0.019653] ACPI: LAPIC_NMI (acpi_id[0x0a] high level lint[0x1])
[    0.019654] ACPI: LAPIC_NMI (acpi_id[0x0c] high level lint[0x1])
[    0.019656] ACPI: LAPIC_NMI (acpi_id[0x0e] high level lint[0x1])
[    0.019657] ACPI: LAPIC_NMI (acpi_id[0x01] high level lint[0x1])
[    0.019658] ACPI: LAPIC_NMI (acpi_id[0x03] high level lint[0x1])
[    0.019659] ACPI: LAPIC_NMI (acpi_id[0x05] high level lint[0x1])
[    0.019660] ACPI: LAPIC_NMI (acpi_id[0x07] high level lint[0x1])
[    0.019662] ACPI: LAPIC_NMI (acpi_id[0x09] high level lint[0x1])
[    0.019663] ACPI: LAPIC_NMI (acpi_id[0x0b] high level lint[0x1])
[    0.019664] ACPI: LAPIC_NMI (acpi_id[0x0d] high level lint[0x1])
[    0.019665] ACPI: LAPIC_NMI (acpi_id[0x0f] high level lint[0x1])
[    0.019677] IOAPIC[0]: apic_id 8, version 32, address 0xfec00000, GSI 0-23
[    0.019681] IOAPIC[1]: apic_id 9, version 32, address 0xfec01000, GSI 24-47
[    0.019684] ACPI: INT_SRC_OVR (bus 0 bus_irq 0 global_irq 2 dfl dfl)
[    0.019686] ACPI: INT_SRC_OVR (bus 0 bus_irq 3 global_irq 3 high level)
[    0.019688] ACPI: INT_SRC_OVR (bus 0 bus_irq 4 global_irq 4 high level)
[    0.019689] ACPI: INT_SRC_OVR (bus 0 bus_irq 9 global_irq 9 high level)
[    0.019696] Using ACPI (MADT) for SMP configuration information
[    0.019698] ACPI: HPET id: 0x8086a701 base: 0xfed00000
[    0.019703] ACPI: SPCR: console: uart,io,0x3f8,115200
[    0.019705] TSC deadline timer available
[    0.019707] smpboot: Allowing 16 CPUs, 0 hotplug CPUs
[    0.019728] PM: hibernation: Registered nosave memory: [mem 0x00000000-0x00000fff]
[    0.019730] PM: hibernation: Registered nosave memory: [mem 0x000a0000-0x000fffff]
[    0.019733] PM: hibernation: Registered nosave memory: [mem 0x799d0000-0x79b41fff]
[    0.019735] PM: hibernation: Registered nosave memory: [mem 0x79c25000-0x79febfff]
[    0.019736] PM: hibernation: Registered nosave memory: [mem 0x79fec000-0x7bd30fff]
[    0.019737] PM: hibernation: Registered nosave memory: [mem 0x7bd31000-0x7bd87fff]
[    0.019740] PM: hibernation: Registered nosave memory: [mem 0x7bd89000-0x7be0efff]
[    0.019742] PM: hibernation: Registered nosave memory: [mem 0x7c000000-0x8fffffff]
[    0.019743] PM: hibernation: Registered nosave memory: [mem 0x90000000-0xfed1bfff]
[    0.019745] PM: hibernation: Registered nosave memory: [mem 0xfed1c000-0xfed1ffff]
[    0.019746] PM: hibernation: Registered nosave memory: [mem 0xfed20000-0xfeffffff]
[    0.019747] PM: hibernation: Registered nosave memory: [mem 0xff000000-0xffffffff]
[    0.019749] [mem 0x90000000-0xfed1bfff] available for PCI devices
[    0.019752] Booting paravirtualized kernel on bare hardware
[    0.019755] clocksource: refined-jiffies: mask: 0xffffffff max_cycles: 0xffffffff, max_idle_ns: 7645519600211568 ns
[    0.024960] setup_percpu: NR_CPUS:8192 nr_cpumask_bits:16 nr_cpu_ids:16 nr_node_ids:1
[    0.025474] percpu: Embedded 54 pages/cpu s183960 r8192 d29032 u262144
[    0.025528] Built 1 zonelists, mobility grouping on.  Total pages: 8232372
[    0.025530] Policy zone: Normal
[    0.025531] Kernel command line: BOOT_IMAGE=/boot/vmlinuz-5.10.0-8-amd64 root=/dev/sda3 ro console=ttyS0,115200n8
[    0.028372] Dentry cache hash table entries: 4194304 (order: 13, 33554432 bytes, linear)
[    0.029834] Inode-cache hash table entries: 2097152 (order: 12, 16777216 bytes, linear)
[    0.029998] mem auto-init: stack:off, heap alloc:on, heap free:off
[    0.054649] Memory: 1962168K/33452304K available (12295K kernel code, 2544K rwdata, 7552K rodata, 2396K init, 3700K bss, 776076K reserved, 0K cma-reserved)
[    0.054657] random: get_random_u64 called from __kmem_cache_create+0x2a/0x540 with crng_init=0
[    0.054834] SLUB: HWalign=64, Order=0-3, MinObjects=0, CPUs=16, Nodes=1
[    0.054848] Kernel/User page tables isolation: enabled
[    0.054873] ftrace: allocating 36396 entries in 143 pages
[    0.070323] ftrace: allocated 143 pages with 5 groups
[    0.070488] rcu: Hierarchical RCU implementation.
[    0.070491] rcu: 	RCU restricting CPUs from NR_CPUS=8192 to nr_cpu_ids=16.
[    0.070492] 	Rude variant of Tasks RCU enabled.
[    0.070493] 	Tracing variant of Tasks RCU enabled.
[    0.070495] rcu: RCU calculated value of scheduler-enlistment delay is 25 jiffies.
[    0.070496] rcu: Adjusting geometry for rcu_fanout_leaf=16, nr_cpu_ids=16
[    0.074986] NR_IRQS: 524544, nr_irqs: 960, preallocated irqs: 16
[    0.075239] random: crng done (trusting CPU's manufacturer)
[    0.075268] Console: colour dummy device 80x25
[    1.436197] printk: console [ttyS0] enabled
[    1.440880] ACPI: Core revision 20200925
[    1.445468] clocksource: hpet: mask: 0xffffffff max_cycles: 0xffffffff, max_idle_ns: 133484882848 ns
[    1.455680] APIC: Switch to symmetric I/O mode setup
[    1.461234] DMAR: Host address width 46
[    1.465519] DMAR: DRHD base: 0x000000fbffc000 flags: 0x1
[    1.471461] DMAR: dmar0: reg_base_addr fbffc000 ver 1:0 cap 8d2078c106f0466 ecap f020df
[    1.480408] DMAR: RMRR base: 0x0000007bc26000 end: 0x0000007bc35fff
[    1.487414] DMAR: ATSR flags: 0x0
[    1.491117] DMAR: RHSA base: 0x000000fbffc000 proximity domain: 0x0
[    1.498123] DMAR-IR: IOAPIC id 8 under DRHD base  0xfbffc000 IOMMU 0
[    1.505226] DMAR-IR: IOAPIC id 9 under DRHD base  0xfbffc000 IOMMU 0
[    1.512327] DMAR-IR: HPET id 0 under DRHD base 0xfbffc000
[    1.518360] DMAR-IR: x2apic is disabled because BIOS sets x2apic opt out bit.
[    1.518361] DMAR-IR: Use 'intremap=no_x2apic_optout' to override the BIOS setting.
[    1.535093] DMAR-IR: Enabled IRQ remapping in xapic mode
[    1.541023] x2apic: IRQ remapping doesn't support X2APIC mode
[    1.547448] Switched APIC routing to physical flat.
[    1.553382] ..TIMER: vector=0x30 apic1=0 pin1=2 apic2=-1 pin2=-1
[    1.579683] clocksource: tsc-early: mask: 0xffffffffffffffff max_cycles: 0x39a80d12705, max_idle_ns: 881590455314 ns
[    1.591443] Calibrating delay loop (skipped), value calculated using timer frequency.. 3999.91 BogoMIPS (lpj=7999832)
[    1.595442] pid_max: default: 32768 minimum: 301
[    1.602654] LSM: Security Framework initializing
[    1.603453] Yama: disabled by default; enable with sysctl kernel.yama.*
[    1.607470] AppArmor: AppArmor initialized
[    1.611443] TOMOYO Linux initialized
[    1.615523] Mount-cache hash table entries: 65536 (order: 7, 524288 bytes, linear)
[    1.619511] Mountpoint-cache hash table entries: 65536 (order: 7, 524288 bytes, linear)
[    1.623751] mce: CPU0: Thermal monitoring enabled (TM1)
[    1.627491] process: using mwait in idle threads
[    1.631444] Last level iTLB entries: 4KB 64, 2MB 8, 4MB 8
[    1.635442] Last level dTLB entries: 4KB 64, 2MB 0, 4MB 0, 1GB 4
[    1.639444] Spectre V1 : Mitigation: usercopy/swapgs barriers and __user pointer sanitization
[    1.643443] Spectre V2 : Mitigation: Full generic retpoline
[    1.647442] Spectre V2 : Spectre v2 / SpectreRSB mitigation: Filling RSB on context switch
[    1.651442] Spectre V2 : Enabling Restricted Speculation for firmware calls
[    1.655443] Spectre V2 : mitigation: Enabling conditional Indirect Branch Prediction Barrier
[    1.659442] Spectre V2 : User space: Mitigation: STIBP via seccomp and prctl
[    1.663442] Speculative Store Bypass: Vulnerable
[    1.667443] TAA: Vulnerable: Clear CPU buffers attempted, no microcode
[    1.671442] MDS: Vulnerable: Clear CPU buffers attempted, no microcode
[    1.675613] Freeing SMP alternatives memory: 32K
[    1.683525] smpboot: CPU0: Intel(R) Xeon(R) CPU D-1548 @ 2.00GHz (family: 0x6, model: 0x56, stepping: 0x3)
[    1.687605] Performance Events: PEBS fmt2+, Broadwell events, 16-deep LBR, full-width counters, Intel PMU driver.
[    1.691444] ... version:                3
[    1.695442] ... bit width:              48
[    1.699443] ... generic registers:      4
[    1.703442] ... value mask:             0000ffffffffffff
[    1.707442] ... max period:             00007fffffffffff
[    1.711442] ... fixed-purpose events:   3
[    1.715442] ... event mask:             000000070000000f
[    1.719556] rcu: Hierarchical SRCU implementation.
[    1.724989] NMI watchdog: Enabled. Permanently consumes one hw-PMU counter.
[    1.727613] smp: Bringing up secondary CPUs ...
[    1.731546] x86: Booting SMP configuration:
[    1.735446] .... node  #0, CPUs:        #1  #2  #3  #4  #5  #6  #7  #8
[    1.740391] MDS CPU bug present and SMT on, data leak possible. See https://www.kernel.org/doc/html/latest/admin-guide/hw-vuln/mds.html for more details.
[    1.747443] TAA CPU bug present and SMT on, data leak possible. See https://www.kernel.org/doc/html/latest/admin-guide/hw-vuln/tsx_async_abort.html for more details.
[    1.751568]   #9 #10 #11 #12 #13 #14 #15
[    1.756141] smp: Brought up 1 node, 16 CPUs
[    1.763443] smpboot: Max logical packages: 1
[    1.767443] smpboot: Total of 16 processors activated (63998.65 BogoMIPS)
[    1.813541] node 0 deferred pages initialised in 36ms
[    1.820083] devtmpfs: initialized
[    1.823497] x86/mm: Memory block size: 128MB
[    1.830021] PM: Registering ACPI NVS region [mem 0x79c25000-0x79febfff] (3960832 bytes)
[    1.831561] clocksource: jiffies: mask: 0xffffffff max_cycles: 0xffffffff, max_idle_ns: 7645041785100000 ns
[    1.835468] futex hash table entries: 4096 (order: 6, 262144 bytes, linear)
[    1.839517] pinctrl core: initialized pinctrl subsystem
[    1.843679] NET: Registered protocol family 16
[    1.847535] audit: initializing netlink subsys (disabled)
[    1.851458] audit: type=2000 audit(1657234845.340:1): state=initialized audit_enabled=0 res=1
[    1.851552] thermal_sys: Registered thermal governor 'fair_share'
[    1.855445] thermal_sys: Registered thermal governor 'bang_bang'
[    1.859443] thermal_sys: Registered thermal governor 'step_wise'
[    1.863442] thermal_sys: Registered thermal governor 'user_space'
[    1.867442] thermal_sys: Registered thermal governor 'power_allocator'
[    1.871454] cpuidle: using governor ladder
[    1.879446] cpuidle: using governor menu
[    1.883460] ACPI: bus type PCI registered
[    1.887444] acpiphp: ACPI Hot Plug PCI Controller Driver version: 0.5
[    1.891518] PCI: MMCONFIG for domain 0000 [bus 00-ff] at [mem 0x80000000-0x8fffffff] (base 0x80000000)
[    1.895444] PCI: MMCONFIG at [mem 0x80000000-0x8fffffff] reserved in E820
[    1.899460] PCI: Using configuration type 1 for base access
[    1.904203] ENERGY_PERF_BIAS: Set to 'normal', was 'performance'
[    1.908270] Kprobes globally optimized
[    1.911471] HugeTLB registered 1.00 GiB page size, pre-allocated 0 pages
[    1.915444] HugeTLB registered 2.00 MiB page size, pre-allocated 0 pages
[    2.100089] ACPI: Added _OSI(Module Device)
[    2.103446] ACPI: Added _OSI(Processor Device)
[    2.107443] ACPI: Added _OSI(3.0 _SCP Extensions)
[    2.111443] ACPI: Added _OSI(Processor Aggregator Device)
[    2.115443] ACPI: Added _OSI(Linux-Dell-Video)
[    2.119445] ACPI: Added _OSI(Linux-Lenovo-NV-HDMI-Audio)
[    2.123443] ACPI: Added _OSI(Linux-HPI-Hybrid-Graphics)
[    2.154736] ACPI: 4 ACPI AML tables successfully acquired and loaded
[    2.160348] ACPI: Dynamic OEM Table Load:
[    2.191995] ACPI: Interpreter enabled
[    2.195456] ACPI: (supports S0 S5)
[    2.199250] ACPI: Using IOAPIC for interrupt routing
[    2.199470] PCI: Using host bridge windows from ACPI; if necessary, use "pci=nocrs" and report a bug
[    2.204024] ACPI: Enabled 6 GPEs in block 00 to 3F
[    2.234380] ACPI: PCI Root Bridge [UNC0] (domain 0000 [bus ff])
[    2.235447] acpi PNP0A03:03: _OSC: OS supports [ExtendedConfig ASPM ClockPM Segments MSI HPX-Type3]
[    2.239812] acpi PNP0A03:03: _OSC: platform does not support [SHPCHotplug LTR]
[    2.243780] acpi PNP0A03:03: _OSC: OS now controls [PCIeHotplug PME AER PCIeCapability]
[    2.247484] PCI host bridge to bus 0000:ff
[    2.251445] pci_bus 0000:ff: root bus resource [bus ff]
[    2.255457] pci 0000:ff:0b.0: [8086:6f81] type 00 class 0x088000
[    2.259504] pci 0000:ff:0b.1: [8086:6f36] type 00 class 0x110100
[    2.263492] pci 0000:ff:0b.2: [8086:6f37] type 00 class 0x110100
[    2.267487] pci 0000:ff:0b.3: [8086:6f76] type 00 class 0x088000
[    2.271489] pci 0000:ff:0c.0: [8086:6fe0] type 00 class 0x088000
[    2.275486] pci 0000:ff:0c.1: [8086:6fe1] type 00 class 0x088000
[    2.279489] pci 0000:ff:0c.2: [8086:6fe2] type 00 class 0x088000
[    2.283486] pci 0000:ff:0c.3: [8086:6fe3] type 00 class 0x088000
[    2.287486] pci 0000:ff:0c.4: [8086:6fe4] type 00 class 0x088000
[    2.291490] pci 0000:ff:0c.5: [8086:6fe5] type 00 class 0x088000
[    2.295486] pci 0000:ff:0c.6: [8086:6fe6] type 00 class 0x088000
[    2.299487] pci 0000:ff:0c.7: [8086:6fe7] type 00 class 0x088000
[    2.303487] pci 0000:ff:0f.0: [8086:6ff8] type 00 class 0x088000
[    2.307487] pci 0000:ff:0f.4: [8086:6ffc] type 00 class 0x088000
[    2.311486] pci 0000:ff:0f.5: [8086:6ffd] type 00 class 0x088000
[    2.315491] pci 0000:ff:0f.6: [8086:6ffe] type 00 class 0x088000
[    2.319489] pci 0000:ff:10.0: [8086:6f1d] type 00 class 0x088000
[    2.323495] pci 0000:ff:10.1: [8086:6f34] type 00 class 0x110100
[    2.327489] pci 0000:ff:10.5: [8086:6f1e] type 00 class 0x088000
[    2.331486] pci 0000:ff:10.6: [8086:6f7d] type 00 class 0x110100
[    2.335485] pci 0000:ff:10.7: [8086:6f1f] type 00 class 0x088000
[    2.339488] pci 0000:ff:12.0: [8086:6fa0] type 00 class 0x088000
[    2.343474] pci 0000:ff:12.1: [8086:6f30] type 00 class 0x110100
[    2.347492] pci 0000:ff:13.0: [8086:6fa8] type 00 class 0x088000
[    2.351494] pci 0000:ff:13.1: [8086:6f71] type 00 class 0x088000
[    2.355495] pci 0000:ff:13.2: [8086:6faa] type 00 class 0x088000
[    2.359492] pci 0000:ff:13.3: [8086:6fab] type 00 class 0x088000
[    2.363492] pci 0000:ff:13.4: [8086:6fac] type 00 class 0x088000
[    2.367492] pci 0000:ff:13.5: [8086:6fad] type 00 class 0x088000
[    2.371491] pci 0000:ff:13.6: [8086:6fae] type 00 class 0x088000
[    2.375489] pci 0000:ff:13.7: [8086:6faf] type 00 class 0x088000
[    2.379489] pci 0000:ff:14.0: [8086:6fb0] type 00 class 0x088000
[    2.383492] pci 0000:ff:14.1: [8086:6fb1] type 00 class 0x088000
[    2.387496] pci 0000:ff:14.2: [8086:6fb2] type 00 class 0x088000
[    2.391494] pci 0000:ff:14.3: [8086:6fb3] type 00 class 0x088000
[    2.395491] pci 0000:ff:14.4: [8086:6fbc] type 00 class 0x088000
[    2.399491] pci 0000:ff:14.5: [8086:6fbd] type 00 class 0x088000
[    2.403488] pci 0000:ff:14.6: [8086:6fbe] type 00 class 0x088000
[    2.407489] pci 0000:ff:14.7: [8086:6fbf] type 00 class 0x088000
[    2.411489] pci 0000:ff:15.0: [8086:6fb4] type 00 class 0x088000
[    2.415492] pci 0000:ff:15.1: [8086:6fb5] type 00 class 0x088000
[    2.419496] pci 0000:ff:15.2: [8086:6fb6] type 00 class 0x088000
[    2.423491] pci 0000:ff:15.3: [8086:6fb7] type 00 class 0x088000
[    2.427502] pci 0000:ff:1e.0: [8086:6f98] type 00 class 0x088000
[    2.431488] pci 0000:ff:1e.1: [8086:6f99] type 00 class 0x088000
[    2.435489] pci 0000:ff:1e.2: [8086:6f9a] type 00 class 0x088000
[    2.439491] pci 0000:ff:1e.3: [8086:6fc0] type 00 class 0x088000
[    2.443475] pci 0000:ff:1e.4: [8086:6f9c] type 00 class 0x088000
[    2.447491] pci 0000:ff:1f.0: [8086:6f88] type 00 class 0x088000
[    2.451497] pci 0000:ff:1f.2: [8086:6f8a] type 00 class 0x088000
[    2.461264] ACPI: PCI Root Bridge [PCI0] (domain 0000 [bus 00-fe])
[    2.463446] acpi PNP0A08:00: _OSC: OS supports [ExtendedConfig ASPM ClockPM Segments MSI HPX-Type3]
[    2.467748] acpi PNP0A08:00: _OSC: platform does not support [SHPCHotplug LTR]
[    2.471833] acpi PNP0A08:00: _OSC: OS now controls [PCIeHotplug PME AER PCIeCapability]
[    2.475769] PCI host bridge to bus 0000:00
[    2.479445] pci_bus 0000:00: root bus resource [io  0x0000-0x0cf7 window]
[    2.483443] pci_bus 0000:00: root bus resource [io  0x1000-0xffff window]
[    2.487443] pci_bus 0000:00: root bus resource [mem 0x000a0000-0x000bffff window]
[    2.491443] pci_bus 0000:00: root bus resource [mem 0x90000000-0xfbffbfff window]
[    2.495443] pci_bus 0000:00: root bus resource [mem 0x380000000000-0x383fffffffff window]
[    2.499443] pci_bus 0000:00: root bus resource [bus 00-fe]
[    2.503460] pci 0000:00:00.0: [8086:6f00] type 00 class 0x060000
[    2.507616] pci 0000:00:01.0: [8086:6f02] type 01 class 0x060400
[    2.511498] pci 0000:00:01.0: PME# supported from D0 D3hot D3cold
[    2.515592] pci 0000:00:01.1: [8086:6f03] type 01 class 0x060400
[    2.519498] pci 0000:00:01.1: PME# supported from D0 D3hot D3cold
[    2.523594] pci 0000:00:02.0: [8086:6f04] type 01 class 0x060400
[    2.527493] pci 0000:00:02.0: PME# supported from D0 D3hot D3cold
[    2.531587] pci 0000:00:02.2: [8086:6f06] type 01 class 0x060400
[    2.535492] pci 0000:00:02.2: PME# supported from D0 D3hot D3cold
[    2.539585] pci 0000:00:03.0: [8086:6f08] type 01 class 0x060400
[    2.543496] pci 0000:00:03.0: PME# supported from D0 D3hot D3cold
[    2.547586] pci 0000:00:03.1: [8086:6f09] type 01 class 0x060400
[    2.551496] pci 0000:00:03.1: PME# supported from D0 D3hot D3cold
[    2.555587] pci 0000:00:03.2: [8086:6f0a] type 01 class 0x060400
[    2.559495] pci 0000:00:03.2: PME# supported from D0 D3hot D3cold
[    2.563584] pci 0000:00:03.3: [8086:6f0b] type 01 class 0x060400
[    2.567495] pci 0000:00:03.3: PME# supported from D0 D3hot D3cold
[    2.571585] pci 0000:00:05.0: [8086:6f28] type 00 class 0x088000
[    2.575577] pci 0000:00:05.1: [8086:6f29] type 00 class 0x088000
[    2.579601] pci 0000:00:05.2: [8086:6f2a] type 00 class 0x088000
[    2.583572] pci 0000:00:05.4: [8086:6f2c] type 00 class 0x080020
[    2.587451] pci 0000:00:05.4: reg 0x10: [mem 0xfbf03000-0xfbf03fff]
[    2.591590] pci 0000:00:14.0: [8086:8c31] type 00 class 0x0c0330
[    2.595457] pci 0000:00:14.0: reg 0x10: [mem 0x383ffff00000-0x383ffff0ffff 64bit]
[    2.599499] pci 0000:00:14.0: PME# supported from D3hot D3cold
[    2.603560] pci 0000:00:16.0: [8086:8c3a] type 00 class 0x078000
[    2.607459] pci 0000:00:16.0: reg 0x10: [mem 0x383ffff13000-0x383ffff1300f 64bit]
[    2.611502] pci 0000:00:16.0: PME# supported from D0 D3hot D3cold
[    2.615564] pci 0000:00:16.1: [8086:8c3b] type 00 class 0x078000
[    2.619458] pci 0000:00:16.1: reg 0x10: [mem 0x383ffff12000-0x383ffff1200f 64bit]
[    2.623500] pci 0000:00:16.1: PME# supported from D0 D3hot D3cold
[    2.627569] pci 0000:00:1c.0: [8086:8c10] type 01 class 0x060400
[    2.631517] pci 0000:00:1c.0: PME# supported from D0 D3hot D3cold
[    2.635461] pci 0000:00:1c.0: Enabling MPC IRBNCE
[    2.639446] pci 0000:00:1c.0: Intel PCH root port ACS workaround enabled
[    2.643581] pci 0000:00:1d.0: [8086:8c26] type 00 class 0x0c0320
[    2.647457] pci 0000:00:1d.0: reg 0x10: [mem 0xfbf01000-0xfbf013ff]
[    2.651522] pci 0000:00:1d.0: PME# supported from D0 D3hot D3cold
[    2.655566] pci 0000:00:1f.0: [8086:8c54] type 00 class 0x060100
[    2.659650] pci 0000:00:1f.2: [8086:8c02] type 00 class 0x010601
[    2.663453] pci 0000:00:1f.2: reg 0x10: [io  0xf070-0xf077]
[    2.667448] pci 0000:00:1f.2: reg 0x14: [io  0xf060-0xf063]
[    2.671448] pci 0000:00:1f.2: reg 0x18: [io  0xf050-0xf057]
[    2.675449] pci 0000:00:1f.2: reg 0x1c: [io  0xf040-0xf043]
[    2.679449] pci 0000:00:1f.2: reg 0x20: [io  0xf020-0xf03f]
[    2.683448] pci 0000:00:1f.2: reg 0x24: [mem 0xfbf00000-0xfbf007ff]
[    2.687476] pci 0000:00:1f.2: PME# supported from D3hot
[    2.691553] pci 0000:00:1f.3: [8086:8c22] type 00 class 0x0c0500
[    2.695456] pci 0000:00:1f.3: reg 0x10: [mem 0x383ffff11000-0x383ffff110ff 64bit]
[    2.699456] pci 0000:00:1f.3: reg 0x20: [io  0xf000-0xf01f]
[    2.703735] acpiphp: Slot [0] registered
[    2.707466] pci 0000:00:01.0: PCI bridge to [bus 01]
[    2.711618] pci 0000:00:01.1: PCI bridge to [bus 02]
[    2.715623] pci 0000:03:00.0: [8086:6f50] type 00 class 0x088000
[    2.719452] pci 0000:03:00.0: reg 0x10: [mem 0xfbe06000-0xfbe07fff 64bit]
[    2.723574] pci 0000:03:00.1: [8086:6f51] type 00 class 0x088000
[    2.727452] pci 0000:03:00.1: reg 0x10: [mem 0xfbe04000-0xfbe05fff 64bit]
[    2.731570] pci 0000:03:00.2: [8086:6f52] type 00 class 0x088000
[    2.735451] pci 0000:03:00.2: reg 0x10: [mem 0xfbe02000-0xfbe03fff 64bit]
[    2.739558] pci 0000:03:00.3: [8086:6f53] type 00 class 0x088000
[    2.743451] pci 0000:03:00.3: reg 0x10: [mem 0xfbe00000-0xfbe01fff 64bit]
[    2.747559] pci 0000:00:02.0: PCI bridge to [bus 03]
[    2.751445] pci 0000:00:02.0:   bridge window [mem 0xfbe00000-0xfbefffff]
[    2.755630] pci 0000:04:00.0: [8086:15ab] type 00 class 0x020000
[    2.759454] pci 0000:04:00.0: reg 0x10: [mem 0x00000000-0x001fffff 64bit pref]
[    2.763454] pci 0000:04:00.0: reg 0x20: [mem 0x00000000-0x00003fff 64bit pref]
[    2.767446] pci 0000:04:00.0: reg 0x30: [mem 0x00000000-0x0007ffff pref]
[    2.771485] pci 0000:04:00.0: PME# supported from D0 D3hot D3cold
[    2.775456] pci 0000:04:00.0: reg 0x184: [mem 0x00000000-0x00003fff 64bit]
[    2.779444] pci 0000:04:00.0: VF(n) BAR0 space: [mem 0x00000000-0x000fffff 64bit] (contains BAR0 for 64 VFs)
[    2.783447] pci 0000:04:00.0: reg 0x190: [mem 0x00000000-0x00003fff 64bit]
[    2.787443] pci 0000:04:00.0: VF(n) BAR3 space: [mem 0x00000000-0x000fffff 64bit] (contains BAR3 for 64 VFs)
[    2.791582] pci 0000:04:00.1: [8086:15ab] type 00 class 0x020000
[    2.795452] pci 0000:04:00.1: reg 0x10: [mem 0x00000000-0x001fffff 64bit pref]
[    2.799453] pci 0000:04:00.1: reg 0x20: [mem 0x00000000-0x00003fff 64bit pref]
[    2.803446] pci 0000:04:00.1: reg 0x30: [mem 0x00000000-0x0007ffff pref]
[    2.807483] pci 0000:04:00.1: PME# supported from D0 D3hot D3cold
[    2.811453] pci 0000:04:00.1: reg 0x184: [mem 0x00000000-0x00003fff 64bit]
[    2.815443] pci 0000:04:00.1: VF(n) BAR0 space: [mem 0x00000000-0x000fffff 64bit] (contains BAR0 for 64 VFs)
[    2.819448] pci 0000:04:00.1: reg 0x190: [mem 0x00000000-0x00003fff 64bit]
[    2.823443] pci 0000:04:00.1: VF(n) BAR3 space: [mem 0x00000000-0x000fffff 64bit] (contains BAR3 for 64 VFs)
[    2.827571] pci 0000:00:02.2: PCI bridge to [bus 04]
[    2.831636] pci 0000:05:00.0: [1d1c:0010] type 00 class 0xff0000
[    2.835456] pci 0000:05:00.0: reg 0x10: [mem 0x383ff8000000-0x383ffbffffff 64bit pref]
[    2.839450] pci 0000:05:00.0: reg 0x18: [mem 0x383ffc004000-0x383ffc007fff 64bit pref]
[    2.843450] pci 0000:05:00.0: reg 0x20: [mem 0x383ffc000000-0x383ffc003fff 64bit pref]
[    2.847582] pci 0000:00:03.0: PCI bridge to [bus 05]
[    2.851447] pci 0000:00:03.0:   bridge window [mem 0x383ff8000000-0x383ffc0fffff 64bit pref]
[    2.855615] pci 0000:00:03.1: PCI bridge to [bus 06]
[    2.859617] pci 0000:00:03.2: PCI bridge to [bus 07]
[    2.863633] pci 0000:08:00.0: [8086:1522] type 00 class 0x020000
[    2.867454] pci 0000:08:00.0: reg 0x10: [mem 0xfbd20000-0xfbd3ffff]
[    2.871452] pci 0000:08:00.0: reg 0x18: [io  0xe020-0xe03f]
[    2.875447] pci 0000:08:00.0: reg 0x1c: [mem 0xfbd44000-0xfbd47fff]
[    2.879531] pci 0000:08:00.0: PME# supported from D0 D3hot D3cold
[    2.883467] pci 0000:08:00.0: reg 0x184: [mem 0x383ffc260000-0x383ffc263fff 64bit pref]
[    2.887443] pci 0000:08:00.0: VF(n) BAR0 space: [mem 0x383ffc260000-0x383ffc27ffff 64bit pref] (contains BAR0 for 8 VFs)
[    2.891452] pci 0000:08:00.0: reg 0x190: [mem 0x383ffc240000-0x383ffc243fff 64bit pref]
[    2.895443] pci 0000:08:00.0: VF(n) BAR3 space: [mem 0x383ffc240000-0x383ffc25ffff 64bit pref] (contains BAR3 for 8 VFs)
[    2.899502] pci 0000:08:00.0: 4.000 Gb/s available PCIe bandwidth, limited by 5.0 GT/s PCIe x1 link at 0000:00:03.3 (capable of 16.000 Gb/s with 5.0 GT/s PCIe x4 link)
[    2.903523] pci 0000:08:00.1: [8086:1522] type 00 class 0x020000
[    2.907453] pci 0000:08:00.1: reg 0x10: [mem 0xfbd00000-0xfbd1ffff]
[    2.911452] pci 0000:08:00.1: reg 0x18: [io  0xe000-0xe01f]
[    2.915447] pci 0000:08:00.1: reg 0x1c: [mem 0xfbd40000-0xfbd43fff]
[    2.919526] pci 0000:08:00.1: PME# supported from D0 D3hot D3cold
[    2.923463] pci 0000:08:00.1: reg 0x184: [mem 0x383ffc220000-0x383ffc223fff 64bit pref]
[    2.927443] pci 0000:08:00.1: VF(n) BAR0 space: [mem 0x383ffc220000-0x383ffc23ffff 64bit pref] (contains BAR0 for 8 VFs)
[    2.931454] pci 0000:08:00.1: reg 0x190: [mem 0x383ffc200000-0x383ffc203fff 64bit pref]
[    2.935443] pci 0000:08:00.1: VF(n) BAR3 space: [mem 0x383ffc200000-0x383ffc21ffff 64bit pref] (contains BAR3 for 8 VFs)
[    2.939557] pci 0000:00:03.3: PCI bridge to [bus 08-09]
[    2.943444] pci 0000:00:03.3:   bridge window [io  0xe000-0xefff]
[    2.947444] pci 0000:00:03.3:   bridge window [mem 0xfbd00000-0xfbdfffff]
[    2.951445] pci 0000:00:03.3:   bridge window [mem 0x383ffc200000-0x383ffc2fffff 64bit pref]
[    2.955526] pci 0000:0a:00.0: [8086:1533] type 00 class 0x020000
[    2.959467] pci 0000:0a:00.0: reg 0x10: [mem 0xfbc00000-0xfbc7ffff]
[    2.963469] pci 0000:0a:00.0: reg 0x18: [io  0xd000-0xd01f]
[    2.967456] pci 0000:0a:00.0: reg 0x1c: [mem 0xfbc80000-0xfbc83fff]
[    2.971589] pci 0000:0a:00.0: PME# supported from D0 D3hot D3cold
[    2.975582] pci 0000:00:1c.0: PCI bridge to [bus 0a]
[    2.979445] pci 0000:00:1c.0:   bridge window [io  0xd000-0xdfff]
[    2.983444] pci 0000:00:1c.0:   bridge window [mem 0xfbc00000-0xfbcfffff]
[    2.988282] ACPI: PCI Interrupt Link [LNKA] (IRQs 3 4 5 6 7 10 *11 12)
[    2.991496] ACPI: PCI Interrupt Link [LNKB] (IRQs 3 4 5 6 7 *10 11 12)
[    2.995493] ACPI: PCI Interrupt Link [LNKC] (IRQs 3 4 *5 6 10 11 12)
[    2.999496] ACPI: PCI Interrupt Link [LNKD] (IRQs 3 4 5 6 10 *11 12)
[    3.003493] ACPI: PCI Interrupt Link [LNKE] (IRQs 3 4 5 6 7 10 11 12) *0, disabled.
[    3.007493] ACPI: PCI Interrupt Link [LNKF] (IRQs 3 4 5 6 7 10 11 12) *0, disabled.
[    3.011493] ACPI: PCI Interrupt Link [LNKG] (IRQs 3 4 5 6 7 10 11 12) *0, disabled.
[    3.015493] ACPI: PCI Interrupt Link [LNKH] (IRQs 3 4 5 6 7 10 11 12) *0, disabled.
[    3.019616] iommu: Default domain type: Translated 
[    3.023463] vgaarb: loaded
[    3.026562] EDAC MC: Ver: 3.0.0
[    3.027568] Registered efivars operations
[    3.031598] NetLabel: Initializing
[    3.035444] NetLabel:  domain hash size = 128
[    3.039442] NetLabel:  protocols = UNLABELED CIPSOv4 CALIPSO
[    3.043459] NetLabel:  unlabeled traffic allowed by default
[    3.047442] PCI: Using ACPI for IRQ routing
[    3.057185] hpet0: at MMIO 0xfed00000, IRQs 2, 8, 0, 0, 0, 0, 0, 0
[    3.059445] hpet0: 8 comparators, 64-bit 14.318180 MHz counter
[    3.065498] clocksource: Switched to clocksource tsc-early
[    3.081293] VFS: Disk quotas dquot_6.6.0
[    3.085694] VFS: Dquot-cache hash table entries: 512 (order 0, 4096 bytes)
[    3.093505] AppArmor: AppArmor Filesystem Enabled
[    3.098777] pnp: PnP ACPI init
[    3.102684] system 00:01: [io  0x0500-0x057f] has been reserved
[    3.109300] system 00:01: [io  0x0400-0x047f] has been reserved
[    3.115916] system 00:01: [io  0x0580-0x059f] has been reserved
[    3.122528] system 00:01: [io  0x0600-0x061f] has been reserved
[    3.129141] system 00:01: [io  0x0880-0x0883] has been reserved
[    3.135753] system 00:01: [io  0x0800-0x081f] has been reserved
[    3.142366] system 00:01: [mem 0xfed1c000-0xfed3ffff] could not be reserved
[    3.150144] system 00:01: [mem 0xfed45000-0xfed8bfff] has been reserved
[    3.157535] system 00:01: [mem 0xff000000-0xffffffff] has been reserved
[    3.164925] system 00:01: [mem 0xfee00000-0xfeefffff] has been reserved
[    3.172314] system 00:01: [mem 0xfed12000-0xfed1200f] has been reserved
[    3.179705] system 00:01: [mem 0xfed12010-0xfed1201f] has been reserved
[    3.187094] system 00:01: [mem 0xfed1b000-0xfed1bfff] has been reserved
[    3.195049] pnp: PnP ACPI: found 4 devices
[    3.205530] clocksource: acpi_pm: mask: 0xffffff max_cycles: 0xffffff, max_idle_ns: 2085701024 ns
[    3.215511] NET: Registered protocol family 2
[    3.220601] IP idents hash table entries: 262144 (order: 9, 2097152 bytes, linear)
[    3.231767] tcp_listen_portaddr_hash hash table entries: 16384 (order: 6, 262144 bytes, linear)
[    3.241741] TCP established hash table entries: 262144 (order: 9, 2097152 bytes, linear)
[    3.251151] TCP bind hash table entries: 65536 (order: 8, 1048576 bytes, linear)
[    3.259511] TCP: Hash tables configured (established 262144 bind 65536)
[    3.266996] UDP hash table entries: 16384 (order: 7, 524288 bytes, linear)
[    3.274792] UDP-Lite hash table entries: 16384 (order: 7, 524288 bytes, linear)
[    3.283242] NET: Registered protocol family 1
[    3.288113] NET: Registered protocol family 44
[    3.293098] pci_bus 0000:00: max bus depth: 1 pci_try_num: 2
[    3.299432] pci 0000:00:02.2: BAR 14: assigned [mem 0x90000000-0x904fffff]
[    3.307118] pci 0000:00:02.2: BAR 15: assigned [mem 0x380000000000-0x3800004fffff 64bit pref]
[    3.316645] pci 0000:00:01.0: PCI bridge to [bus 01]
[    3.322195] pci 0000:00:01.1: PCI bridge to [bus 02]
[    3.327745] pci 0000:00:02.0: PCI bridge to [bus 03]
[    3.333293] pci 0000:00:02.0:   bridge window [mem 0xfbe00000-0xfbefffff]
[    3.340924] pci 0000:04:00.0: BAR 0: assigned [mem 0x380000000000-0x3800001fffff 64bit pref]
[    3.350360] pci 0000:04:00.1: BAR 0: assigned [mem 0x380000200000-0x3800003fffff 64bit pref]
[    3.359793] pci 0000:04:00.0: BAR 6: assigned [mem 0x90000000-0x9007ffff pref]
[    3.367863] pci 0000:04:00.1: BAR 6: assigned [mem 0x90080000-0x900fffff pref]
[    3.375933] pci 0000:04:00.0: BAR 4: assigned [mem 0x380000400000-0x380000403fff 64bit pref]
[    3.385368] pci 0000:04:00.0: BAR 7: assigned [mem 0x90100000-0x901fffff 64bit]
[    3.393537] pci 0000:04:00.0: BAR 10: assigned [mem 0x90200000-0x902fffff 64bit]
[    3.401803] pci 0000:04:00.1: BAR 4: assigned [mem 0x380000404000-0x380000407fff 64bit pref]
[    3.411237] pci 0000:04:00.1: BAR 7: assigned [mem 0x90300000-0x903fffff 64bit]
[    3.419405] pci 0000:04:00.1: BAR 10: assigned [mem 0x90400000-0x904fffff 64bit]
[    3.427673] pci 0000:00:02.2: PCI bridge to [bus 04]
[    3.433219] pci 0000:00:02.2:   bridge window [mem 0x90000000-0x904fffff]
[    3.440804] pci 0000:00:02.2:   bridge window [mem 0x380000000000-0x3800004fffff 64bit pref]
[    3.450235] pci 0000:00:03.0: PCI bridge to [bus 05]
[    3.455782] pci 0000:00:03.0:   bridge window [mem 0x383ff8000000-0x383ffc0fffff 64bit pref]
[    3.465213] pci 0000:00:03.1: PCI bridge to [bus 06]
[    3.470762] pci 0000:00:03.2: PCI bridge to [bus 07]
[    3.476311] pci 0000:00:03.3: PCI bridge to [bus 08-09]
[    3.482147] pci 0000:00:03.3:   bridge window [io  0xe000-0xefff]
[    3.488957] pci 0000:00:03.3:   bridge window [mem 0xfbd00000-0xfbdfffff]
[    3.496542] pci 0000:00:03.3:   bridge window [mem 0x383ffc200000-0x383ffc2fffff 64bit pref]
[    3.505975] pci 0000:00:1c.0: PCI bridge to [bus 0a]
[    3.511520] pci 0000:00:1c.0:   bridge window [io  0xd000-0xdfff]
[    3.518330] pci 0000:00:1c.0:   bridge window [mem 0xfbc00000-0xfbcfffff]
[    3.525920] pci_bus 0000:00: resource 4 [io  0x0000-0x0cf7 window]
[    3.532824] pci_bus 0000:00: resource 5 [io  0x1000-0xffff window]
[    3.539727] pci_bus 0000:00: resource 6 [mem 0x000a0000-0x000bffff window]
[    3.547407] pci_bus 0000:00: resource 7 [mem 0x90000000-0xfbffbfff window]
[    3.555090] pci_bus 0000:00: resource 8 [mem 0x380000000000-0x383fffffffff window]
[    3.563548] pci_bus 0000:03: resource 1 [mem 0xfbe00000-0xfbefffff]
[    3.570550] pci_bus 0000:04: resource 1 [mem 0x90000000-0x904fffff]
[    3.577551] pci_bus 0000:04: resource 2 [mem 0x380000000000-0x3800004fffff 64bit pref]
[    3.586398] pci_bus 0000:05: resource 2 [mem 0x383ff8000000-0x383ffc0fffff 64bit pref]
[    3.595244] pci_bus 0000:08: resource 0 [io  0xe000-0xefff]
[    3.601469] pci_bus 0000:08: resource 1 [mem 0xfbd00000-0xfbdfffff]
[    3.608470] pci_bus 0000:08: resource 2 [mem 0x383ffc200000-0x383ffc2fffff 64bit pref]
[    3.617319] pci_bus 0000:0a: resource 0 [io  0xd000-0xdfff]
[    3.623543] pci_bus 0000:0a: resource 1 [mem 0xfbc00000-0xfbcfffff]
[    3.630778] pci 0000:00:05.0: disabled boot interrupts on device [8086:6f28]
[    3.663581] pci 0000:00:1d.0: quirk_usb_early_handoff+0x0/0x700 took 24126 usecs
[    3.671867] pci 0000:04:00.0: CLS mismatch (64 != 32), using 64 bytes
[    3.679117] Trying to unpack rootfs image as initramfs...
[    4.197605] Freeing initrd memory: 26536K
[    4.202278] DMAR: dmar0: Using Queued invalidation
[    4.207776] pci 0000:ff:0b.0: Adding to iommu group 0
[    4.213440] pci 0000:ff:0b.1: Adding to iommu group 0
[    4.219100] pci 0000:ff:0b.2: Adding to iommu group 0
[    4.224761] pci 0000:ff:0b.3: Adding to iommu group 0
[    4.230545] pci 0000:ff:0c.0: Adding to iommu group 1
[    4.236207] pci 0000:ff:0c.1: Adding to iommu group 1
[    4.241869] pci 0000:ff:0c.2: Adding to iommu group 1
[    4.247530] pci 0000:ff:0c.3: Adding to iommu group 1
[    4.253192] pci 0000:ff:0c.4: Adding to iommu group 1
[    4.258853] pci 0000:ff:0c.5: Adding to iommu group 1
[    4.264515] pci 0000:ff:0c.6: Adding to iommu group 1
[    4.270180] pci 0000:ff:0c.7: Adding to iommu group 1
[    4.275894] pci 0000:ff:0f.0: Adding to iommu group 2
[    4.281557] pci 0000:ff:0f.4: Adding to iommu group 2
[    4.287220] pci 0000:ff:0f.5: Adding to iommu group 2
[    4.292884] pci 0000:ff:0f.6: Adding to iommu group 2
[    4.298621] pci 0000:ff:10.0: Adding to iommu group 3
[    4.304286] pci 0000:ff:10.1: Adding to iommu group 3
[    4.309952] pci 0000:ff:10.5: Adding to iommu group 3
[    4.315607] pci 0000:ff:10.6: Adding to iommu group 3
[    4.321270] pci 0000:ff:10.7: Adding to iommu group 3
[    4.326962] pci 0000:ff:12.0: Adding to iommu group 4
[    4.332620] pci 0000:ff:12.1: Adding to iommu group 4
[    4.338405] pci 0000:ff:13.0: Adding to iommu group 5
[    4.344071] pci 0000:ff:13.1: Adding to iommu group 5
[    4.349727] pci 0000:ff:13.2: Adding to iommu group 5
[    4.355393] pci 0000:ff:13.3: Adding to iommu group 5
[    4.361060] pci 0000:ff:13.4: Adding to iommu group 5
[    4.366726] pci 0000:ff:13.5: Adding to iommu group 5
[    4.372385] pci 0000:ff:13.6: Adding to iommu group 5
[    4.378050] pci 0000:ff:13.7: Adding to iommu group 5
[    4.383834] pci 0000:ff:14.0: Adding to iommu group 6
[    4.389500] pci 0000:ff:14.1: Adding to iommu group 6
[    4.395168] pci 0000:ff:14.2: Adding to iommu group 6
[    4.400836] pci 0000:ff:14.3: Adding to iommu group 6
[    4.406503] pci 0000:ff:14.4: Adding to iommu group 6
[    4.412169] pci 0000:ff:14.5: Adding to iommu group 6
[    4.417827] pci 0000:ff:14.6: Adding to iommu group 6
[    4.423495] pci 0000:ff:14.7: Adding to iommu group 6
[    4.429216] pci 0000:ff:15.0: Adding to iommu group 7
[    4.434887] pci 0000:ff:15.1: Adding to iommu group 7
[    4.440556] pci 0000:ff:15.2: Adding to iommu group 7
[    4.446223] pci 0000:ff:15.3: Adding to iommu group 7
[    4.451962] pci 0000:ff:1e.0: Adding to iommu group 8
[    4.457633] pci 0000:ff:1e.1: Adding to iommu group 8
[    4.463302] pci 0000:ff:1e.2: Adding to iommu group 8
[    4.468971] pci 0000:ff:1e.3: Adding to iommu group 8
[    4.474639] pci 0000:ff:1e.4: Adding to iommu group 8
[    4.480331] pci 0000:ff:1f.0: Adding to iommu group 9
[    4.486001] pci 0000:ff:1f.2: Adding to iommu group 9
[    4.491665] pci 0000:00:00.0: Adding to iommu group 10
[    4.497428] pci 0000:00:01.0: Adding to iommu group 11
[    4.503190] pci 0000:00:01.1: Adding to iommu group 12
[    4.508952] pci 0000:00:02.0: Adding to iommu group 13
[    4.514717] pci 0000:00:02.2: Adding to iommu group 14
[    4.520481] pci 0000:00:03.0: Adding to iommu group 15
[    4.526243] pci 0000:00:03.1: Adding to iommu group 16
[    4.531997] pci 0000:00:03.2: Adding to iommu group 17
[    4.537760] pci 0000:00:03.3: Adding to iommu group 18
[    4.543513] pci 0000:00:05.0: Adding to iommu group 19
[    4.549274] pci 0000:00:05.1: Adding to iommu group 20
[    4.555036] pci 0000:00:05.2: Adding to iommu group 21
[    4.560798] pci 0000:00:05.4: Adding to iommu group 22
[    4.566559] pci 0000:00:14.0: Adding to iommu group 23
[    4.572351] pci 0000:00:16.0: Adding to iommu group 24
[    4.578122] pci 0000:00:16.1: Adding to iommu group 24
[    4.583883] pci 0000:00:1c.0: Adding to iommu group 25
[    4.589644] pci 0000:00:1d.0: Adding to iommu group 26
[    4.595451] pci 0000:00:1f.0: Adding to iommu group 27
[    4.601223] pci 0000:00:1f.2: Adding to iommu group 27
[    4.606984] pci 0000:00:1f.3: Adding to iommu group 27
[    4.612808] pci 0000:03:00.0: Adding to iommu group 28
[    4.618583] pci 0000:03:00.1: Adding to iommu group 28
[    4.624356] pci 0000:03:00.2: Adding to iommu group 28
[    4.630129] pci 0000:03:00.3: Adding to iommu group 28
[    4.635892] pci 0000:04:00.0: Adding to iommu group 29
[    4.641646] pci 0000:04:00.1: Adding to iommu group 30
[    4.647409] pci 0000:05:00.0: Adding to iommu group 31
[    4.653170] pci 0000:08:00.0: Adding to iommu group 32
[    4.658931] pci 0000:08:00.1: Adding to iommu group 33
[    4.664693] pci 0000:0a:00.0: Adding to iommu group 34
[    4.676210] DMAR: Intel(R) Virtualization Technology for Directed I/O
[    4.683410] PCI-DMA: Using software bounce buffering for IO (SWIOTLB)
[    4.690607] software IO TLB: mapped [mem 0x000000007147c000-0x000000007547c000] (64MB)
[    4.700216] Initialise system trusted keyrings
[    4.705191] Key type blacklist registered
[    4.709722] workingset: timestamp_bits=36 max_order=23 bucket_order=0
[    4.718233] zbud: loaded
[    4.721243] integrity: Platform Keyring initialized
[    4.726692] Key type asymmetric registered
[    4.731266] Asymmetric key parser 'x509' registered
[    4.736720] Block layer SCSI generic (bsg) driver version 0.4 loaded (major 251)
[    4.745030] io scheduler mq-deadline registered
[    4.750501] pcieport 0000:00:01.0: PME: Signaling with IRQ 25
[    4.756995] pcieport 0000:00:01.0: AER: enabled with IRQ 25
[    4.763467] pcieport 0000:00:01.1: PME: Signaling with IRQ 26
[    4.769946] pcieport 0000:00:01.1: AER: enabled with IRQ 26
[    4.776398] pcieport 0000:00:02.0: PME: Signaling with IRQ 28
[    4.782912] pcieport 0000:00:02.0: AER: enabled with IRQ 28
[    4.789342] pcieport 0000:00:02.2: PME: Signaling with IRQ 29
[    4.795821] pcieport 0000:00:02.2: AER: enabled with IRQ 29
[    4.802255] pcieport 0000:00:03.0: PME: Signaling with IRQ 31
[    4.808744] pcieport 0000:00:03.0: AER: enabled with IRQ 31
[    4.815179] pcieport 0000:00:03.1: PME: Signaling with IRQ 32
[    4.821656] pcieport 0000:00:03.1: AER: enabled with IRQ 32
[    4.828094] pcieport 0000:00:03.2: PME: Signaling with IRQ 33
[    4.834572] pcieport 0000:00:03.2: AER: enabled with IRQ 33
[    4.841006] pcieport 0000:00:03.3: PME: Signaling with IRQ 34
[    4.847493] pcieport 0000:00:03.3: AER: enabled with IRQ 34
[    4.853888] pcieport 0000:00:1c.0: PME: Signaling with IRQ 35
[    4.860463] shpchp: Standard Hot Plug PCI Controller Driver version: 0.4
[    4.868072] ACPI: \_SB_.SCK0.CP00: Found 2 idle states
[    4.876888] Serial: 8250/16550 driver, 4 ports, IRQ sharing enabled
[    4.884007] 00:02: ttyS0 at I/O 0x3f8 (irq = 4, base_baud = 115200) is a 16550A
[    4.892834] 00:03: ttyS1 at I/O 0x2f8 (irq = 3, base_baud = 115200) is a 16550A
[    4.901776] Linux agpgart interface v0.103
[    4.906438] AMD-Vi: AMD IOMMUv2 driver by Joerg Roedel <jroedel@suse.de>
[    4.913929] AMD-Vi: AMD IOMMUv2 functionality not available on this system
[    4.922920] i8042: PNP: No PS/2 controller found.
[    4.928265] mousedev: PS/2 mouse device common for all mice
[    4.934519] rtc_cmos 00:00: RTC can wake from S4
[    4.939890] rtc_cmos 00:00: registered as rtc0
[    4.944909] rtc_cmos 00:00: setting system clock to 2022-07-07T23:00:50 UTC (1657234850)
[    4.953969] rtc_cmos 00:00: alarms up to one month, y3k, 114 bytes nvram, hpet irqs
[    4.962536] intel_pstate: Intel P-state driver initializing
[    4.971616] ledtrig-cpu: registered to indicate activity on CPUs
[    4.978784] NET: Registered protocol family 10
[    4.995313] Segment Routing with IPv6
[    4.999441] mip6: Mobile IPv6
[    5.002752] NET: Registered protocol family 17
[    5.007851] mpls_gso: MPLS GSO support
[    5.014335] microcode: sig=0x50663, pf=0x10, revision=0x7000012
[    5.021229] microcode: Microcode Update Driver: v2.2.
[    5.021501] resctrl: L3 allocation detected
[    5.031826] resctrl: L3DATA allocation detected
[    5.036882] resctrl: L3CODE allocation detected
[    5.041941] resctrl: L3 monitoring detected
[    5.046614] IPI shorthand broadcast: enabled
[    5.051417] sched_clock: Marking stable (3615148874, 1436244845)->(6034286508, -982892789)
[    5.060845] registered taskstats version 1
[    5.065440] Loading compiled-in X.509 certificates
[    5.108690] Loaded X.509 cert 'Debian Secure Boot CA: 6ccece7e4c6c0d1f6149f3dd27dfcc5cbb419ea1'
[    5.118446] Loaded X.509 cert 'Debian Secure Boot Signer 2021 - linux: 4b6ef5abca669825178e052c84667ccbc0531f8c'
[    5.129896] zswap: loaded using pool lzo/zbud
[    5.135061] Key type ._fscrypt registered
[    5.139539] Key type .fscrypt registered
[    5.143932] Key type fscrypt-provisioning registered
[    5.149522] AppArmor: AppArmor sha1 policy hashing enabled
[    5.157888] Freeing unused kernel image (initmem) memory: 2396K
[    5.179499] Write protecting the kernel read-only data: 22528k
[    5.186577] Freeing unused kernel image (text/rodata gap) memory: 2040K
[    5.194162] Freeing unused kernel image (rodata/data gap) memory: 640K
[    5.258416] x86/mm: Checked W+X mappings: passed, no W+X pages found.
[    5.265611] x86/mm: Checking user space page tables
[    5.325849] x86/mm: Checked W+X mappings: passed, no W+X pages found.
[    5.333046] Run /init as init process
Loading, please wait...
Starting version 247.3-6
[    5.452965] pps_core: LinuxPPS API ver. 1 registered
[    5.458520] pps_core: Software ver. 5.3.6 - Copyright 2005-2007 Rodolfo Giometti <giometti@linux.it>
[    5.469351] ACPI Warning: SystemIO range 0x0000000000000428-0x000000000000042F conflicts with OpRegion 0x0000000000000428-0x000000000000042F (\GPE0) (20200925/utaddress-204)
[    5.486672] ACPI: If an ACPI driver is available for this device, you should use it instead of the native driver
[    5.498667] ACPI Warning: SystemIO range 0x0000000000000500-0x000000000000052F conflicts with OpRegion 0x000000000000052C-0x000000000000052D (\GPIV) (20200925/utaddress-204)
[    5.515976] ACPI: If an ACPI driver is available for this device, you should use it instead of the native driver
[    5.527417] lpc_ich: Resource conflict(s) found affecting gpio_ich
[    5.527451] PTP clock support registered
[    5.541736] dca service started, version 1.12.1
[    5.547013] i801_smbus 0000:00:1f.3: enabling device (0000 -> 0003)
[    5.547029] SCSI subsystem initialized
[    5.547477] ACPI: bus type USB registered
[    5.547506] usbcore: registered new interface driver usbfs
[    5.547515] usbcore: registered new interface driver hub
[    5.547535] usbcore: registered new device driver usb
[    5.554202] i801_smbus 0000:00:1f.3: SMBus using PCI interrupt
[    5.587607] i2c i2c-0: 2/4 memory slots populated (from DMI)
[    5.594107] ehci_hcd: USB 2.0 'Enhanced' Host Controller (EHCI) Driver
[    5.602330] ehci-pci: EHCI PCI platform driver
[    5.607507] igb: Intel(R) Gigabit Ethernet Network Driver
[    5.607516] ehci-pci 0000:00:1d.0: EHCI Host Controller
[    5.613584] igb: Copyright (c) 2007-2014 Intel Corporation.
[    5.619480] ehci-pci 0000:00:1d.0: new USB bus registered, assigned bus number 1
[    5.633927] ehci-pci 0000:00:1d.0: debug port 2
[    5.642911] ehci-pci 0000:00:1d.0: cache line size of 64 is not supported
[    5.642949] ixgbe: Intel(R) 10 Gigabit PCI Express Network Driver
[    5.650504] ehci-pci 0000:00:1d.0: irq 18, io mem 0xfbf01000
[    5.650533] igb 0000:08:00.0: enabling device (0100 -> 0102)
[    5.657312] ixgbe: Copyright (c) 1999-2016 Intel Corporation.
[    5.676380] ehci-pci 0000:00:1d.0: USB 2.0 started, EHCI 1.00
[    5.682831] usb usb1: New USB device found, idVendor=1d6b, idProduct=0002, bcdDevice= 5.10
[    5.692059] usb usb1: New USB device strings: Mfr=3, Product=2, SerialNumber=1
[    5.700129] usb usb1: Product: EHCI Host Controller
[    5.705575] usb usb1: Manufacturer: Linux 5.10.0-8-amd64 ehci_hcd
[    5.712384] usb usb1: SerialNumber: 0000:00:1d.0
[    5.718101] hub 1-0:1.0: USB hub found
[    5.722285] hub 1-0:1.0: 2 ports detected
[    5.726870] xhci_hcd 0000:00:14.0: xHCI Host Controller
[    5.732712] xhci_hcd 0000:00:14.0: new USB bus registered, assigned bus number 2
[    5.742075] xhci_hcd 0000:00:14.0: hcc params 0x200077c1 hci version 0x100 quirks 0x0000000000009810
[    5.752309] xhci_hcd 0000:00:14.0: cache line size of 64 is not supported
[    5.760043] usb usb2: New USB device found, idVendor=1d6b, idProduct=0002, bcdDevice= 5.10
[    5.769280] usb usb2: New USB device strings: Mfr=3, Product=2, SerialNumber=1
[    5.777352] usb usb2: Product: xHCI Host Controller
[    5.782799] usb usb2: Manufacturer: Linux 5.10.0-8-amd64 xhci-hcd
[    5.789607] usb usb2: SerialNumber: 0000:00:14.0
[    5.794834] ixgbe 0000:04:00.0: enabling device (0100 -> 0102)
[    5.801388] ACPI Warning: \_SB.PCI0.BR2C._PRT: Return Package has no elements (empty) (20200925/nsprepkg-94)
[    5.812432] hub 2-0:1.0: USB hub found
[    5.816633] hub 2-0:1.0: 8 ports detected
[    5.822012] xhci_hcd 0000:00:14.0: xHCI Host Controller
[    5.828011] xhci_hcd 0000:00:14.0: new USB bus registered, assigned bus number 3
[    5.836415] xhci_hcd 0000:00:14.0: Host supports USB 3.0 SuperSpeed
[    5.843451] usb usb3: New USB device found, idVendor=1d6b, idProduct=0003, bcdDevice= 5.10
[    5.852687] usb usb3: New USB device strings: Mfr=3, Product=2, SerialNumber=1
[    5.860772] usb usb3: Product: xHCI Host Controller
[    5.866234] usb usb3: Manufacturer: Linux 5.10.0-8-amd64 xhci-hcd
[    5.873040] usb usb3: SerialNumber: 0000:00:14.0
[    5.878375] hub 3-0:1.0: USB hub found
[    5.882595] hub 3-0:1.0: 6 ports detected
[    5.887852] ahci 0000:00:1f.2: AHCI 0001.0300 32 slots 6 ports 6 Gbps 0x1 impl SATA mode
[    5.896900] ahci 0000:00:1f.2: flags: 64bit ncq pm led clo pio slum part ems apst 
[    5.905736] tsc: Refined TSC clocksource calibration: 1999.998 MHz
[    5.912660] clocksource: tsc: mask: 0xffffffffffffffff max_cycles: 0x39a8595ce59, max_idle_ns: 881590778713 ns
[    5.923909] clocksource: Switched to clocksource tsc
[    5.929491] scsi host0: ahci
[    5.932986] scsi host1: ahci
[    5.936634] scsi host2: ahci
[    5.940134] scsi host3: ahci
[    5.943578] scsi host4: ahci
[    5.947069] scsi host5: ahci
[    5.950336] ata1: SATA max UDMA/133 abar m2048@0xfbf00000 port 0xfbf00100 irq 37
[    5.958615] ata2: DUMMY
[    5.961342] ata3: DUMMY
[    5.964070] ata4: DUMMY
[    5.966795] ata5: DUMMY
[    5.969523] ata6: DUMMY
[    6.082807] igb 0000:08:00.0: added PHC on eth0
[    6.087876] igb 0000:08:00.0: Intel(R) Gigabit Ethernet Network Connection
[    6.095562] igb 0000:08:00.0: eth0: (PCIe:5.0Gb/s:Width x1) 84:c7:8f:00:3c:f1
[    6.103610] igb 0000:08:00.0: eth0: PBA No: 106300-000
[    6.109350] igb 0000:08:00.0: Using MSI-X interrupts. 8 rx queue(s), 8 tx queue(s)
[    6.118155] igb 0000:08:00.1: enabling device (0100 -> 0102)
[    6.175561] usb 2-1: new high-speed USB device number 2 using xhci_hcd
[    6.182898] usb 1-1: new high-speed USB device number 2 using ehci-pci
